data/sku_kpis.csv
location_id,product_id,kpi_date,revenue,units_sold,avg_price,gross_margin_pct,units_per_day
2,126,2026-02-15,50.36,1,50.36,27.71,1
2,126,2026-02-16,24.7,0,0.0,34.93,0
2,126,2026-02-17,24.45,0,0.0,39.08,0
2,126,2026-02-18,65.7,2,32.85,45.24,2
2,126,2026-02-19,84.9,6,14.15,29.23,6
2,126,2026-02-20,84.32,2,42.16,31.25,2
2,126,2026-02-21,28.42,0,0.0,36.84,0
2,126,2026-02-22,82.84,2,41.42,30.81,2
2,126,2026-02-23,81.57,4,20.39,32.79,4
2,126,2026-02-24,34.86,2,17.43,33.04,2
2,126,2026-02-25,53.18,2,26.59,25.14,2
2,126,2026-02-26,63.22,1,63.22,44.87,1
2,126,2026-02-27,64.22,2,32.11,41.3,2
2,126,2026-02-28,45.31,1,45.31,37.86,1
2,126,2026-03-01,140.29,2,70.15,27.04,2
2,126,2026-03-02,15.22,0,0.0,34.39,0
2,126,2026-03-03,70.52,4,17.63,43.7,4
2,126,2026-03-04,24.22,0,0.0,49.3,0
2,126,2026-03-05,10.52,0,0.0,29.27,0
2,126,2026-03-06,76.13,2,38.07,43.72,2
2,126,2026-03-07,70.63,2,35.32,32.42,2
2,126,2026-03-08,57.98,2,28.99,48.05,2
2,126,2026-03-09,69.38,2,34.69,40.38,2
2,126,2026-03-10,40.0,1,40.0,28.54,1
2,126,2026-03-11,47.81,2,23.91,40.35,2
2,126,2026-03-12,79.23,2,39.62,31.28,2
2,126,2026-03-13,50.96,1,50.96,48.18,1
2,126,2026-03-14,83.69,1,83.69,28.38,1
2,126,2026-03-15,82.15,1,82.15,25.25,1
2,126,2026-03-16,45.29,2,22.64,26.68,2
2,126,2026-03-17,98.5,4,24.62,29.69,4
2,103,2026-02-15,145.38,4,36.34,33.28,4
2,103,2026-02-16,15.73,0,0.0,28.91,0
2,103,2026-02-17,57.55,1,57.55,30.65,1
2,103,2026-02-18,109.85,2,54.92,31.86,2
2,103,2026-02-19,120.05,2,60.02,39.61,2
2,103,2026-02-20,55.52,1,55.52,35.08,1
2,103,2026-02-21,63.48,2,31.74,41.48,2
2,103,2026-02-22,26.37,1,26.37,43.27,1
2,103,2026-02-23,51.25,2,25.62,27.56,2
2,103,2026-02-24,128.79,3,42.93,44.15,3
2,103,2026-02-25,55.0,1,55.0,39.8,1
2,103,2026-02-26,39.34,0,0.0,46.78,0
2,103,2026-02-27,110.1,3,36.7,29.2,3
2,103,2026-02-28,133.1,2,66.55,27.28,2
2,103,2026-03-01,166.56,10,16.66,29.12,10
2,103,2026-03-02,114.63,4,28.66,47.4,4
2,103,2026-03-03,15.34,0,0.0,35.99,0
2,103,2026-03-04,114.1,4,28.53,37.51,4
2,103,2026-03-05,27.64,0,0.0,34.43,0
2,103,2026-03-06,51.28,1,51.28,32.79,1
2,103,2026-03-07,92.81,2,46.41,47.08,2
2,103,2026-03-08,156.09,3,52.03,48.64,3
2,103,2026-03-09,129.59,3,43.2,46.0,3
2,103,2026-03-10,81.4,2,40.7,44.72,2
2,103,2026-03-11,81.73,2,40.86,35.89,2
2,103,2026-03-12,59.63,5,11.93,34.14,5
2,103,2026-03-13,86.58,2,43.29,43.21,2
2,103,2026-03-14,51.72,1,51.72,49.95,1
2,103,2026-03-15,200.26,7,28.61,29.48,7
2,103,2026-03-16,130.64,12,10.89,36.05,12
2,103,2026-03-17,86.5,8,10.81,32.76,8
2,117,2026-02-15,31.44,1,31.44,31.34,1
2,117,2026-02-16,117.86,3,39.29,25.84,3
2,117,2026-02-17,47.25,1,47.25,26.1,1
2,117,2026-02-18,120.31,5,24.06,40.63,5
2,117,2026-02-19,140.28,3,46.76,46.58,3
2,117,2026-02-20,147.04,2,73.52,40.81,2
2,117,2026-02-21,109.33,3,36.44,46.87,3
2,117,2026-02-22,145.57,3,48.52,25.95,3
2,117,2026-02-23,14.62,0,0.0,28.83,0
2,117,2026-02-24,119.79,2,59.9,28.29,2
2,117,2026-02-25,67.25,1,67.25,26.4,1
2,117,2026-02-26,79.98,6,13.33,27.44,6
2,117,2026-02-27,91.59,1,91.59,29.85,1
2,117,2026-02-28,106.73,10,10.67,45.93,10
2,117,2026-03-01,175.11,7,25.02,42.73,7
2,117,2026-03-02,118.4,3,39.47,48.61,3
2,117,2026-03-03,72.94,1,72.94,35.08,1
2,117,2026-03-04,140.89,3,46.96,26.62,3
2,117,2026-03-05,131.32,4,32.83,43.22,4
2,117,2026-03-06,17.44,0,0.0,31.89,0
2,117,2026-03-07,42.25,1,42.25,29.32,1
2,117,2026-03-08,139.79,3,46.6,25.08,3
2,117,2026-03-09,49.43,2,24.71,33.54,2
2,117,2026-03-10,82.39,2,41.2,39.15,2
2,117,2026-03-11,57.71,3,19.24,27.26,3
2,117,2026-03-12,113.83,6,18.97,39.78,6
2,117,2026-03-13,167.07,4,41.77,44.72,4
2,117,2026-03-14,52.4,2,26.2,27.03,2
2,117,2026-03-15,157.64,7,22.52,45.93,7
2,117,2026-03-16,113.84,2,56.92,29.78,2
2,117,2026-03-17,119.77,7,17.11,26.33,7
2,123,2026-02-15,1584.22,92,17.22,28.51,92
2,123,2026-02-16,572.66,30,19.09,29.71,30
2,123,2026-02-17,1438.86,84,17.13,32.37,84
2,123,2026-02-18,1410.32,68,20.74,37.25,68
2,123,2026-02-19,947.68,39,24.3,41.05,39
2,123,2026-02-20,786.37,22,35.74,45.79,22
2,123,2026-02-21,234.31,5,46.86,34.64,5
2,123,2026-02-22,1239.82,67,18.5,42.55,67
2,123,2026-02-23,669.05,15,44.6,44.91,15
2,123,2026-02-24,452.17,11,41.11,37.59,11
2,123,2026-02-25,1445.6,34,42.52,27.27,34
2,123,2026-02-26,1120.23,55,20.37,36.69,55
2,123,2026-02-27,187.88,12,15.66,41.46,12
2,123,2026-02-28,489.48,31,15.79,39.67,31
2,123,2026-03-01,1047.96,41,25.56,39.71,41
2,123,2026-03-02,175.02,4,43.76,40.74,4
2,123,2026-03-03,1333.55,129,10.34,35.54,129
2,123,2026-03-04,664.73,18,36.93,27.51,18
2,123,2026-03-05,1623.22,72,22.54,36.67,72
2,123,2026-03-06,388.27,35,11.09,45.23,35
2,123,2026-03-07,978.81,29,33.75,35.87,29
2,123,2026-03-08,940.08,21,44.77,31.31,21
2,123,2026-03-09,677.03,28,24.18,41.96,28
2,123,2026-03-10,521.68,10,52.17,46.94,10
2,123,2026-03-11,1090.77,23,47.42,37.67,23
2,123,2026-03-12,922.7,22,41.94,48.85,22
2,123,2026-03-13,900.34,80,11.25,37.81,80
2,123,2026-03-14,2183.8,48,45.5,49.13,48
2,123,2026-03-15,2240.32,124,18.07,49.31,124
2,123,2026-03-16,1384.37,91,15.21,33.33,91
2,123,2026-03-17,1746.68,35,49.91,32.73,35
2,90,2026-02-15,844.01,20,42.2,36.47,20
2,90,2026-02-16,155.39,15,10.36,28.69,15
2,90,2026-02-17,619.65,28,22.13,27.01,28
2,90,2026-02-18,232.88,12,19.41,27.25,12
2,90,2026-02-19,213.66,5,42.73,46.14,5
2,90,2026-02-20,273.8,9,30.42,33.62,9
2,90,2026-02-21,484.87,12,40.41,42.47,12
2,90,2026-02-22,764.08,20,38.2,45.78,20
2,90,2026-02-23,473.93,11,43.08,27.4,11
2,90,2026-02-24,146.41,3,48.8,28.34,3
2,90,2026-02-25,610.12,13,46.93,45.49,13
2,90,2026-02-26,540.78,20,27.04,34.85,20
2,90,2026-02-27,102.17,3,34.06,43.51,3
2,90,2026-02-28,547.0,28,19.54,40.21,28
2,90,2026-03-01,929.49,37,25.12,33.5,37
2,90,2026-03-02,576.95,16,36.06,43.79,16
2,90,2026-03-03,685.64,19,36.09,28.45,19
2,90,2026-03-04,207.28,11,18.84,35.89,11
2,90,2026-03-05,276.48,7,39.5,35.64,7
2,90,2026-03-06,213.68,8,26.71,45.53,8
2,90,2026-03-07,93.35,1,93.35,35.54,1
2,90,2026-03-08,177.99,4,44.5,45.86,4
2,90,2026-03-09,342.85,25,13.71,42.15,25
2,90,2026-03-10,96.12,2,48.06,45.09,2
2,90,2026-03-11,47.25,2,23.63,39.37,2
2,90,2026-03-12,340.04,12,28.34,37.15,12
2,90,2026-03-13,791.7,30,26.39,44.28,30
2,90,2026-03-14,321.27,15,21.42,40.85,15
2,90,2026-03-15,627.35,14,44.81,36.26,14
2,90,2026-03-16,314.51,10,31.45,33.38,10
2,90,2026-03-17,499.34,20,24.97,44.64,20
2,109,2026-02-15,465.61,14,33.26,34.59,14
2,109,2026-02-16,211.63,13,16.28,33.43,13
2,109,2026-02-17,321.77,9,35.75,29.94,9
2,109,2026-02-18,294.79,7,42.11,36.37,7
2,109,2026-02-19,36.27,1,36.27,28.04,1
2,109,2026-02-20,162.72,6,27.12,47.23,6
2,109,2026-02-21,311.04,15,20.74,33.44,15
2,109,2026-02-22,131.72,3,43.91,38.57,3
2,109,2026-02-23,74.36,3,24.79,25.44,3
2,109,2026-02-24,130.01,3,43.34,39.89,3
2,109,2026-02-25,144.18,12,12.02,43.47,12
2,109,2026-02-26,98.47,7,14.07,27.36,7
2,109,2026-02-27,259.39,7,37.06,35.78,7
2,109,2026-02-28,130.77,2,65.39,42.22,2
2,109,2026-03-01,141.6,3,47.2,45.87,3
2,109,2026-03-02,259.83,8,32.48,36.46,8
2,109,2026-03-03,46.15,1,46.15,28.67,1
2,109,2026-03-04,388.7,10,38.87,47.05,10
2,109,2026-03-05,151.93,3,50.64,26.97,3
2,109,2026-03-06,276.67,6,46.11,35.56,6
2,109,2026-03-07,37.76,0,0.0,31.42,0
2,109,2026-03-08,256.15,5,51.23,45.92,5
2,109,2026-03-09,144.34,9,16.04,29.79,9
2,109,2026-03-10,89.2,4,22.3,37.85,4
2,109,2026-03-11,234.74,11,21.34,44.97,11
2,109,2026-03-12,163.53,5,32.71,44.02,5
2,109,2026-03-13,192.65,4,48.16,44.46,4
2,109,2026-03-14,132.6,3,44.2,40.12,3
2,109,2026-03-15,486.79,13,37.45,31.82,13
2,109,2026-03-16,185.14,17,10.89,35.36,17
2,109,2026-03-17,66.97,3,22.32,39.98,3
2,72,2026-02-15,1055.78,46,22.95,30.53,46
2,72,2026-02-16,58.74,2,29.37,26.59,2
2,72,2026-02-17,233.26,6,38.88,45.67,6
2,72,2026-02-18,499.16,14,35.65,33.22,14
2,72,2026-02-19,311.18,6,51.86,25.31,6
2,72,2026-02-20,253.12,10,25.31,36.11,10
2,72,2026-02-21,476.96,12,39.75,30.27,12
2,72,2026-02-22,597.09,16,37.32,31.39,16
2,72,2026-02-23,63.2,1,63.2,49.19,1
2,72,2026-02-24,514.69,15,34.31,33.63,15
2,72,2026-02-25,201.51,4,50.38,34.23,4
2,72,2026-02-26,245.0,10,24.5,41.86,10
2,72,2026-02-27,72.11,2,36.06,29.17,2
2,72,2026-02-28,351.76,12,29.31,49.9,12
2,72,2026-03-01,105.03,2,52.52,38.91,2
2,72,2026-03-02,362.54,18,20.14,48.03,18
2,72,2026-03-03,141.25,4,35.31,46.24,4
2,72,2026-03-04,134.57,7,19.22,49.8,7
2,72,2026-03-05,431.98,25,17.28,28.98,25
2,72,2026-03-06,509.01,12,42.42,35.03,12
2,72,2026-03-07,421.67,10,42.17,35.45,10
2,72,2026-03-08,508.03,22,23.09,34.08,22
2,72,2026-03-09,113.18,2,56.59,49.01,2
2,72,2026-03-10,463.39,20,23.17,38.39,20
2,72,2026-03-11,261.88,5,52.38,37.37,5
2,72,2026-03-12,399.72,9,44.41,36.24,9
2,72,2026-03-13,764.06,44,17.36,32.21,44
2,72,2026-03-14,518.39,22,23.56,36.6,22
2,72,2026-03-15,226.47,4,56.62,34.58,4
2,72,2026-03-16,512.94,10,51.29,35.26,10
2,72,2026-03-17,582.83,16,36.43,28.46,16
2,82,2026-02-15,131.3,2,65.65,39.99,2
2,82,2026-02-16,95.37,1,95.37,33.13,1
2,82,2026-02-17,43.84,1,43.84,36.8,1
2,82,2026-02-18,25.47,1,25.47,43.57,1
2,82,2026-02-19,128.49,3,42.83,38.8,3
2,82,2026-02-20,137.6,3,45.87,29.03,3
2,82,2026-02-21,85.73,1,85.73,29.38,1
2,82,2026-02-22,178.61,3,59.54,33.07,3
2,82,2026-02-23,53.14,1,53.14,30.18,1
2,82,2026-02-24,79.0,3,26.33,40.08,3
2,82,2026-02-25,145.33,3,48.44,49.32,3
2,82,2026-02-26,64.49,4,16.12,40.1,4
2,82,2026-02-27,59.92,1,59.92,28.98,1
2,82,2026-02-28,83.09,1,83.09,25.17,1
2,82,2026-03-01,19.75,0,0.0,46.68,0
2,82,2026-03-02,129.28,2,64.64,26.76,2
2,82,2026-03-03,60.62,2,30.31,42.9,2
2,82,2026-03-04,29.82,0,0.0,41.18,0
2,82,2026-03-05,88.71,8,11.09,37.02,8
2,82,2026-03-06,89.5,4,22.37,34.96,4
2,82,2026-03-07,139.79,3,46.6,34.08,3
2,82,2026-03-08,134.63,4,33.66,41.24,4
2,82,2026-03-09,71.6,4,17.9,28.65,4
2,82,2026-03-10,43.02,1,43.02,43.84,1
2,82,2026-03-11,19.79,1,19.79,35.32,1
2,82,2026-03-12,58.45,1,58.45,44.89,1
2,82,2026-03-13,45.35,3,15.12,41.05,3
2,82,2026-03-14,26.39,0,0.0,37.29,0
2,82,2026-03-15,62.64,3,20.88,32.38,3
2,82,2026-03-16,82.32,1,82.32,42.49,1
2,82,2026-03-17,92.61,2,46.31,44.03,2
2,98,2026-02-15,41.68,1,41.68,30.53,1
2,98,2026-02-16,52.49,2,26.25,32.28,2
2,98,2026-02-17,138.63,8,17.33,40.85,8
2,98,2026-02-18,85.76,3,28.59,32.37,3
2,98,2026-02-19,109.68,2,54.84,28.66,2
2,98,2026-02-20,53.54,2,26.77,40.92,2
2,98,2026-02-21,19.35,1,19.35,32.57,1
2,98,2026-02-22,116.11,5,23.22,43.03,5
2,98,2026-02-23,119.13,2,59.57,35.15,2
2,98,2026-02-24,102.33,6,17.05,33.61,6
2,98,2026-02-25,31.13,0,0.0,32.86,0
2,98,2026-02-26,50.29,1,50.29,37.13,1
2,98,2026-02-27,35.79,1,35.79,29.38,1
2,98,2026-02-28,150.82,14,10.77,48.67,14
2,98,2026-03-01,78.79,3,26.26,30.61,3
2,98,2026-03-02,42.38,1,42.38,44.73,1
2,98,2026-03-03,89.53,3,29.84,36.48,3
2,98,2026-03-04,152.52,3,50.84,46.0,3
2,98,2026-03-05,134.35,3,44.78,38.1,3
2,98,2026-03-06,33.65,1,33.65,41.61,1
2,98,2026-03-07,73.5,5,14.7,33.24,5
2,98,2026-03-08,23.68,0,0.0,38.37,0
2,98,2026-03-09,116.37,2,58.18,49.26,2
2,98,2026-03-10,16.41,0,0.0,31.2,0
2,98,2026-03-11,35.37,0,0.0,42.24,0
2,98,2026-03-12,102.64,5,20.53,42.24,5
2,98,2026-03-13,84.97,7,12.14,40.23,7
2,98,2026-03-14,113.05,8,14.13,29.75,8
2,98,2026-03-15,178.73,14,12.77,47.58,14
2,98,2026-03-16,94.74,7,13.53,30.69,7
2,98,2026-03-17,95.14,2,47.57,36.61,2
2,120,2026-02-15,625.35,15,41.69,32.97,15
2,120,2026-02-16,503.27,28,17.97,27.91,28
2,120,2026-02-17,116.32,6,19.39,38.56,6
2,120,2026-02-18,237.14,8,29.64,39.23,8
2,120,2026-02-19,560.21,12,46.68,27.79,12
2,120,2026-02-20,795.48,19,41.87,29.87,19
2,120,2026-02-21,980.67,28,35.02,36.41,28
2,120,2026-02-22,76.47,1,76.47,40.03,1
2,120,2026-02-23,454.76,26,17.49,37.68,26
2,120,2026-02-24,447.14,9,49.68,32.49,9
2,120,2026-02-25,805.09,40,20.13,31.88,40
2,120,2026-02-26,482.29,21,22.97,36.0,21
2,120,2026-02-27,1007.33,21,47.97,37.19,21
2,120,2026-02-28,393.61,8,49.2,36.76,8
2,120,2026-03-01,299.9,23,13.04,35.8,23
2,120,2026-03-02,292.34,6,48.72,36.08,6
2,120,2026-03-03,515.13,16,32.2,29.57,16
2,120,2026-03-04,817.11,20,40.86,30.33,20
2,120,2026-03-05,483.93,21,23.04,38.26,21
2,120,2026-03-06,117.25,5,23.45,40.24,5
2,120,2026-03-07,607.61,37,16.42,28.91,37
2,120,2026-03-08,839.27,20,41.96,46.31,20
2,120,2026-03-09,554.75,34,16.32,48.92,34
2,120,2026-03-10,753.89,20,37.69,44.72,20
2,120,2026-03-11,553.68,26,21.3,48.32,26
2,120,2026-03-12,470.18,10,47.02,32.59,10
2,120,2026-03-13,182.97,7,26.14,33.85,7
2,120,2026-03-14,791.57,28,28.27,35.63,28
2,120,2026-03-15,624.82,23,27.17,44.06,23
2,120,2026-03-16,418.11,8,52.26,33.84,8
2,120,2026-03-17,819.73,16,51.23,44.18,16
2,92,2026-02-15,91.64,2,45.82,30.22,2
2,92,2026-02-16,517.22,23,22.49,34.34,23
2,92,2026-02-17,255.34,6,42.56,33.14,6
2,92,2026-02-18,478.01,26,18.38,30.37,26
2,92,2026-02-19,388.15,8,48.52,27.67,8
2,92,2026-02-20,193.25,8,24.16,36.99,8
2,92,2026-02-21,708.84,24,29.54,49.28,24
2,92,2026-02-22,91.16,2,45.58,42.2,2
2,92,2026-02-23,597.45,20,29.87,32.0,20
2,92,2026-02-24,496.61,19,26.14,27.54,19
2,92,2026-02-25,513.59,24,21.4,34.24,24
2,92,2026-02-26,671.11,46,14.59,28.36,46
2,92,2026-02-27,586.39,25,23.46,44.38,25
2,92,2026-02-28,403.44,25,16.14,28.76,25
2,92,2026-03-01,410.09,22,18.64,27.2,22
2,92,2026-03-02,204.2,6,34.03,44.07,6
2,92,2026-03-03,230.96,7,32.99,32.29,7
2,92,2026-03-04,74.54,1,74.54,26.7,1
2,92,2026-03-05,576.71,14,41.19,32.85,14
2,92,2026-03-06,554.52,12,46.21,36.15,12
2,92,2026-03-07,839.94,48,17.5,36.71,48
2,92,2026-03-08,403.16,17,23.72,41.94,17
2,92,2026-03-09,495.71,24,20.65,43.69,24
2,92,2026-03-10,52.59,3,17.53,35.27,3
2,92,2026-03-11,264.22,8,33.03,26.2,8
2,92,2026-03-12,447.87,9,49.76,37.81,9
2,92,2026-03-13,67.27,2,33.63,25.8,2
2,92,2026-03-14,493.97,11,44.91,44.75,11
2,92,2026-03-15,523.61,15,34.91,40.86,15
2,92,2026-03-16,570.52,17,33.56,49.36,17
2,92,2026-03-17,701.53,22,31.89,44.96,22
3,191,2026-02-15,941.58,69,13.65,48.06,69
3,191,2026-02-16,572.33,11,52.03,43.8,11
3,191,2026-02-17,810.05,29,27.93,31.92,29
3,191,2026-02-18,467.64,10,46.76,43.47,10
3,191,2026-02-19,642.55,49,13.11,41.2,49
3,191,2026-02-20,322.66,10,32.27,42.31,10
3,191,2026-02-21,921.82,33,27.93,25.54,33
3,191,2026-02-22,633.24,61,10.38,45.71,61
3,191,2026-02-23,76.73,4,19.18,35.68,4
3,191,2026-02-24,245.89,12,20.49,41.86,12
3,191,2026-02-25,339.39,11,30.85,41.64,11
3,191,2026-02-26,563.65,17,33.16,33.87,17
3,191,2026-02-27,784.61,17,46.15,28.82,17
3,191,2026-02-28,1030.86,56,18.41,29.54,56
3,191,2026-03-01,108.27,3,36.09,46.12,3
3,191,2026-03-02,729.14,23,31.7,48.87,23
3,191,2026-03-03,310.86,13,23.91,30.75,13
3,191,2026-03-04,198.63,8,24.83,35.61,8
3,191,2026-03-05,250.02,5,50.0,30.43,5
3,191,2026-03-06,310.92,20,15.55,47.47,20
3,191,2026-03-07,535.83,12,44.65,34.38,12
3,191,2026-03-08,529.52,13,40.73,43.5,13
3,191,2026-03-09,406.64,14,29.05,34.98,14
3,191,2026-03-10,212.68,8,26.59,45.36,8
3,191,2026-03-11,118.65,6,19.78,47.83,6
3,191,2026-03-12,640.65,43,14.9,43.92,43
3,191,2026-03-13,149.91,5,29.98,40.12,5
3,191,2026-03-14,920.7,40,23.02,29.77,40
3,191,2026-03-15,1203.49,28,42.98,34.0,28
3,191,2026-03-16,270.9,18,15.05,36.42,18
3,191,2026-03-17,68.19,1,68.19,35.01,1
3,164,2026-02-15,104.22,4,26.06,48.64,4
3,164,2026-02-16,72.81,2,36.41,46.2,2
3,164,2026-02-17,37.86,0,0.0,27.11,0
3,164,2026-02-18,68.87,2,34.44,36.78,2
3,164,2026-02-19,104.37,4,26.09,41.18,4
3,164,2026-02-20,38.73,2,19.37,31.22,2
3,164,2026-02-21,71.23,4,17.81,28.89,4
3,164,2026-02-22,94.22,2,47.11,26.53,2
3,164,2026-02-23,89.31,2,44.66,41.52,2
3,164,2026-02-24,35.46,1,35.46,28.94,1
3,164,2026-02-25,23.57,0,0.0,49.13,0
3,164,2026-02-26,70.45,1,70.45,29.54,1
3,164,2026-02-27,82.03,5,16.41,29.06,5
3,164,2026-02-28,67.49,3,22.5,40.63,3
3,164,2026-03-01,135.23,6,22.54,33.03,6
3,164,2026-03-02,79.41,3,26.47,47.22,3
3,164,2026-03-03,8.7,0,0.0,47.84,0
3,164,2026-03-04,9.52,0,0.0,39.96,0
3,164,2026-03-05,47.22,2,23.61,25.37,2
3,164,2026-03-06,79.51,5,15.9,49.7,5
3,164,2026-03-07,21.92,0,0.0,49.58,0
3,164,2026-03-08,106.72,3,35.57,28.36,3
3,164,2026-03-09,66.83,1,66.83,32.79,1
3,164,2026-03-10,45.38,0,0.0,28.2,0
3,164,2026-03-11,57.44,2,28.72,40.34,2
3,164,2026-03-12,82.16,2,41.08,43.72,2
3,164,2026-03-13,86.83,4,21.71,30.48,4
3,164,2026-03-14,25.49,0,0.0,30.64,0
3,164,2026-03-15,19.96,1,19.96,35.1,1
3,164,2026-03-16,85.91,6,14.32,30.66,6
3,164,2026-03-17,22.57,0,0.0,33.22,0
3,192,2026-02-15,447.22,12,37.27,38.0,12
3,192,2026-02-16,201.37,4,50.34,44.0,4
3,192,2026-02-17,82.98,3,27.66,41.53,3
3,192,2026-02-18,232.51,4,58.13,25.86,4
3,192,2026-02-19,366.06,14,26.15,26.2,14
3,192,2026-02-20,86.99,5,17.4,28.57,5
3,192,2026-02-21,37.55,0,0.0,29.05,0
3,192,2026-02-22,155.86,4,38.96,37.1,4
3,192,2026-02-23,137.57,3,45.86,45.42,3
3,192,2026-02-24,210.82,7,30.12,30.37,7
3,192,2026-02-25,224.11,7,32.02,27.95,7
3,192,2026-02-26,109.02,2,54.51,48.1,2
3,192,2026-02-27,123.39,2,61.69,31.38,2
3,192,2026-02-28,392.09,13,30.16,38.72,13
3,192,2026-03-01,359.31,9,39.92,33.56,9
3,192,2026-03-02,210.25,16,13.14,34.14,16
3,192,2026-03-03,235.49,4,58.87,28.16,4
3,192,2026-03-04,90.63,3,30.21,27.78,3
3,192,2026-03-05,170.05,7,24.29,46.83,7
3,192,2026-03-06,106.01,3,35.34,49.61,3
3,192,2026-03-07,56.72,1,56.72,37.62,1
3,192,2026-03-08,207.48,4,51.87,49.96,4
3,192,2026-03-09,90.52,2,45.26,30.55,2
3,192,2026-03-10,23.85,0,0.0,33.85,0
3,192,2026-03-11,205.29,12,17.11,46.5,12
3,192,2026-03-12,205.07,4,51.27,34.07,4
3,192,2026-03-13,103.21,2,51.6,38.27,2
3,192,2026-03-14,185.09,13,14.24,29.14,13
3,192,2026-03-15,283.08,8,35.39,46.08,8
3,192,2026-03-16,286.0,17,16.82,48.55,17
3,192,2026-03-17,252.75,5,50.55,31.96,5
