data/sku_kpis.csv
location_id,product_id,kpi_date,revenue,units_sold,avg_price,gross_margin_pct,units_per_day
3,181,2026-02-15,115.62,2,57.81,32.41,2
3,181,2026-02-16,77.98,1,77.98,47.34,1
3,181,2026-02-17,54.88,3,18.29,48.45,3
3,181,2026-02-18,6.91,0,0.0,38.89,0
3,181,2026-02-19,39.09,0,0.0,40.33,0
3,181,2026-02-20,101.15,8,12.64,35.26,8
3,181,2026-02-21,24.11,0,0.0,44.11,0
3,181,2026-02-22,107.98,2,53.99,31.06,2
3,181,2026-02-23,87.67,2,43.84,34.77,2
3,181,2026-02-24,21.19,0,0.0,26.76,0
3,181,2026-02-25,100.02,4,25.0,47.32,4
3,181,2026-02-26,16.88,0,0.0,48.61,0
3,181,2026-02-27,19.27,0,0.0,41.81,0
3,181,2026-02-28,98.69,9,10.97,27.93,9
3,181,2026-03-01,52.77,3,17.59,40.71,3
3,181,2026-03-02,50.41,1,50.41,32.47,1
3,181,2026-03-03,16.17,0,0.0,36.36,0
3,181,2026-03-04,11.45,0,0.0,47.76,0
3,181,2026-03-05,32.67,1,32.67,49.7,1
3,181,2026-03-06,37.18,0,0.0,27.82,0
3,181,2026-03-07,64.14,1,64.14,46.91,1
3,181,2026-03-08,87.77,2,43.89,43.96,2
3,181,2026-03-09,29.32,2,14.66,49.94,2
3,181,2026-03-10,56.61,1,56.61,34.06,1
3,181,2026-03-11,74.25,2,37.12,45.92,2
3,181,2026-03-12,107.92,4,26.98,40.95,4
3,181,2026-03-13,88.07,4,22.02,43.1,4
3,181,2026-03-14,43.99,2,21.99,37.7,2
3,181,2026-03-15,63.82,1,63.82,49.58,1
3,181,2026-03-16,13.85,0,0.0,45.15,0
3,181,2026-03-17,27.7,0,0.0,39.78,0
3,142,2026-02-15,315.31,22,14.33,44.52,22
3,142,2026-02-16,242.15,7,34.59,45.94,7
3,142,2026-02-17,182.71,5,36.54,48.13,5
3,142,2026-02-18,162.21,4,40.55,39.76,4
3,142,2026-02-19,323.96,6,53.99,39.39,6
3,142,2026-02-20,61.01,1,61.01,34.02,1
3,142,2026-02-21,264.71,5,52.94,35.55,5
3,142,2026-02-22,184.03,4,46.01,33.68,4
3,142,2026-02-23,284.72,6,47.45,39.33,6
3,142,2026-02-24,193.12,4,48.28,45.33,4
3,142,2026-02-25,226.31,5,45.26,41.73,5
3,142,2026-02-26,30.17,0,0.0,25.6,0
3,142,2026-02-27,307.17,22,13.96,48.02,22
3,142,2026-02-28,389.81,9,43.31,46.24,9
3,142,2026-03-01,158.92,3,52.97,33.6,3
3,142,2026-03-02,372.07,18,20.67,36.15,18
3,142,2026-03-03,39.34,1,39.34,49.77,1
3,142,2026-03-04,101.57,2,50.79,30.23,2
3,142,2026-03-05,230.31,7,32.9,33.05,7
3,142,2026-03-06,132.42,5,26.48,45.39,5
3,142,2026-03-07,336.55,7,48.08,33.34,7
3,142,2026-03-08,304.3,7,43.47,45.91,7
3,142,2026-03-09,101.63,2,50.82,27.53,2
3,142,2026-03-10,214.63,6,35.77,32.82,6
3,142,2026-03-11,173.61,9,19.29,34.57,9
3,142,2026-03-12,115.56,3,38.52,33.76,3
3,142,2026-03-13,299.98,6,50.0,43.87,6
3,142,2026-03-14,427.84,18,23.77,27.79,18
3,142,2026-03-15,262.04,5,52.41,42.51,5
3,142,2026-03-16,219.72,5,43.94,38.46,5
3,142,2026-03-17,174.19,4,43.55,29.97,4
3,147,2026-02-15,24.76,0,0.0,46.92,0
3,147,2026-02-16,65.3,3,21.77,42.9,3
3,147,2026-02-17,91.9,3,30.63,48.03,3
3,147,2026-02-18,23.77,0,0.0,45.36,0
3,147,2026-02-19,147.02,6,24.5,39.25,6
3,147,2026-02-20,24.05,0,0.0,36.06,0
3,147,2026-02-21,19.89,0,0.0,41.69,0
3,147,2026-02-22,61.07,2,30.54,45.83,2
3,147,2026-02-23,160.66,8,20.08,30.65,8
3,147,2026-02-24,103.88,5,20.78,25.31,5
3,147,2026-02-25,49.16,4,12.29,40.31,4
3,147,2026-02-26,111.41,4,27.85,38.78,4
3,147,2026-02-27,82.93,3,27.64,46.2,3
3,147,2026-02-28,123.93,3,41.31,47.22,3
3,147,2026-03-01,204.26,5,40.85,42.67,5
3,147,2026-03-02,148.47,3,49.49,31.59,3
3,147,2026-03-03,61.73,1,61.73,48.42,1
3,147,2026-03-04,49.29,2,24.64,48.95,2
3,147,2026-03-05,24.05,0,0.0,49.66,0
3,147,2026-03-06,36.34,1,36.34,28.22,1
3,147,2026-03-07,197.74,4,49.44,37.69,4
3,147,2026-03-08,103.53,4,25.88,45.18,4
3,147,2026-03-09,95.72,2,47.86,42.94,2
3,147,2026-03-10,83.92,2,41.96,49.63,2
3,147,2026-03-11,70.81,2,35.4,26.33,2
3,147,2026-03-12,97.28,3,32.43,35.9,3
3,147,2026-03-13,137.58,8,17.2,39.0,8
3,147,2026-03-14,112.96,9,12.55,33.69,9
3,147,2026-03-15,162.78,10,16.28,42.05,10
3,147,2026-03-16,20.4,0,0.0,39.24,0
3,147,2026-03-17,157.47,4,39.37,42.84,4
3,161,2026-02-15,580.36,15,38.69,48.57,15
3,161,2026-02-16,977.12,52,18.79,36.3,52
3,161,2026-02-17,645.87,17,37.99,33.26,17
3,161,2026-02-18,647.18,14,46.23,48.66,14
3,161,2026-02-19,218.79,6,36.46,42.03,6
3,161,2026-02-20,334.67,32,10.46,40.24,32
3,161,2026-02-21,811.81,33,24.6,27.99,33
3,161,2026-02-22,1166.96,33,35.36,38.24,33
3,161,2026-02-23,742.58,18,41.25,31.22,18
3,161,2026-02-24,579.29,14,41.38,29.48,14
3,161,2026-02-25,251.76,6,41.96,37.37,6
3,161,2026-02-26,143.54,10,14.35,48.65,10
3,161,2026-02-27,574.57,11,52.23,34.69,11
3,161,2026-02-28,569.17,15,37.94,28.46,15
3,161,2026-03-01,562.48,40,14.06,33.88,40
3,161,2026-03-02,823.9,18,45.77,37.49,18
3,161,2026-03-03,245.63,9,27.29,30.67,9
3,161,2026-03-04,771.68,21,36.75,33.49,21
3,161,2026-03-05,717.5,23,31.2,25.51,23
3,161,2026-03-06,566.03,11,51.46,26.48,11
3,161,2026-03-07,487.45,29,16.81,49.09,29
3,161,2026-03-08,730.85,71,10.29,34.62,71
3,161,2026-03-09,86.82,1,86.82,39.08,1
3,161,2026-03-10,747.39,15,49.83,29.71,15
3,161,2026-03-11,523.59,30,17.45,30.46,30
3,161,2026-03-12,408.06,9,45.34,47.82,9
3,161,2026-03-13,569.98,17,33.53,47.29,17
3,161,2026-03-14,824.68,18,45.82,29.44,18
3,161,2026-03-15,270.1,6,45.02,25.76,6
3,161,2026-03-16,108.03,3,36.01,48.95,3
3,161,2026-03-17,1017.92,24,42.41,32.79,24
3,152,2026-02-15,298.3,12,24.86,29.51,12
3,152,2026-02-16,406.25,8,50.78,37.44,8
3,152,2026-02-17,552.88,11,50.26,48.0,11
3,152,2026-02-18,756.65,16,47.29,38.7,16
3,152,2026-02-19,368.65,13,28.36,27.91,13
3,152,2026-02-20,470.91,20,23.55,34.14,20
3,152,2026-02-21,273.55,6,45.59,29.71,6
3,152,2026-02-22,450.0,18,25.0,47.92,18
3,152,2026-02-23,738.19,17,43.42,47.74,17
3,152,2026-02-24,491.92,11,44.72,27.47,11
3,152,2026-02-25,442.14,12,36.85,33.01,12
3,152,2026-02-26,342.3,10,34.23,38.3,10
3,152,2026-02-27,331.57,10,33.16,30.02,10
3,152,2026-02-28,398.1,14,28.44,29.95,14
3,152,2026-03-01,981.59,36,27.27,35.88,36
3,152,2026-03-02,123.74,11,11.25,27.61,11
3,152,2026-03-03,420.32,12,35.03,32.65,12
3,152,2026-03-04,673.11,16,42.07,44.27,16
3,152,2026-03-05,518.62,16,32.41,26.04,16
3,152,2026-03-06,658.4,29,22.7,39.69,29
3,152,2026-03-07,891.62,28,31.84,41.02,28
3,152,2026-03-08,733.19,23,31.88,26.18,23
3,152,2026-03-09,271.2,15,18.08,49.1,15
3,152,2026-03-10,80.78,1,80.78,46.84,1
3,152,2026-03-11,467.43,15,31.16,29.46,15
3,152,2026-03-12,329.29,8,41.16,47.77,8
3,152,2026-03-13,119.24,2,59.62,47.31,2
3,152,2026-03-14,686.58,53,12.95,30.09,53
3,152,2026-03-15,255.39,7,36.48,25.39,7
3,152,2026-03-16,685.04,37,18.51,42.23,37
3,152,2026-03-17,725.12,71,10.21,31.01,71
3,183,2026-02-15,1598.51,36,44.4,49.61,36
3,183,2026-02-16,1652.79,38,43.49,34.29,38
3,183,2026-02-17,1796.37,152,11.82,28.54,152
3,183,2026-02-18,542.69,14,38.76,47.05,14
3,183,2026-02-19,990.5,30,33.02,46.59,30
3,183,2026-02-20,1196.41,65,18.41,46.97,65
3,183,2026-02-21,1568.77,75,20.92,42.26,75
3,183,2026-02-22,938.73,35,26.82,31.95,35
3,183,2026-02-23,1660.19,38,43.69,37.21,38
3,183,2026-02-24,927.71,26,35.68,34.89,26
3,183,2026-02-25,1263.53,45,28.08,41.57,45
3,183,2026-02-26,395.74,11,35.98,27.88,11
3,183,2026-02-27,1515.68,51,29.72,29.58,51
3,183,2026-02-28,972.42,20,48.62,31.41,20
3,183,2026-03-01,1680.95,35,48.03,34.96,35
3,183,2026-03-02,1016.56,47,21.63,39.25,47
3,183,2026-03-03,254.09,17,14.95,45.57,17
3,183,2026-03-04,1295.4,26,49.82,38.87,26
3,183,2026-03-05,802.87,53,15.15,49.89,53
3,183,2026-03-06,877.23,61,14.38,30.72,61
3,183,2026-03-07,1902.88,109,17.46,44.06,109
3,183,2026-03-08,1914.62,97,19.74,40.38,97
3,183,2026-03-09,852.65,54,15.79,39.93,54
3,183,2026-03-10,154.39,3,51.46,44.17,3
3,183,2026-03-11,389.66,21,18.56,32.95,21
3,183,2026-03-12,1125.45,23,48.93,33.53,23
3,183,2026-03-13,1513.08,32,47.28,33.75,32
3,183,2026-03-14,514.05,14,36.72,34.78,14
3,183,2026-03-15,512.73,23,22.29,26.59,23
3,183,2026-03-16,400.95,22,18.22,41.45,22
3,183,2026-03-17,882.21,19,46.43,26.73,19
3,144,2026-02-15,327.43,10,32.74,38.92,10
3,144,2026-02-16,198.44,4,49.61,26.42,4
3,144,2026-02-17,800.89,30,26.7,38.36,30
3,144,2026-02-18,696.35,41,16.98,48.32,41
3,144,2026-02-19,448.21,28,16.01,27.59,28
3,144,2026-02-20,264.6,10,26.46,39.07,10
3,144,2026-02-21,917.07,22,41.69,27.99,22
3,144,2026-02-22,329.29,9,36.59,39.09,9
3,144,2026-02-23,134.62,3,44.87,47.77,3
3,144,2026-02-24,868.25,24,36.18,32.06,24
3,144,2026-02-25,685.02,24,28.54,43.7,24
3,144,2026-02-26,567.09,16,35.44,33.63,16
3,144,2026-02-27,943.09,33,28.58,47.99,33
3,144,2026-02-28,266.84,8,33.35,34.0,8
3,144,2026-03-01,292.73,8,36.59,29.36,8
3,144,2026-03-02,1099.11,21,52.34,47.05,21
3,144,2026-03-03,421.72,38,11.1,45.14,38
3,144,2026-03-04,157.26,5,31.45,42.77,5
3,144,2026-03-05,534.2,27,19.79,35.06,27
3,144,2026-03-06,761.48,31,24.56,48.55,31
3,144,2026-03-07,540.08,20,27.0,43.34,20
3,144,2026-03-08,627.13,24,26.13,34.09,24
3,144,2026-03-09,348.26,13,26.79,43.08,13
3,144,2026-03-10,222.7,11,20.25,29.77,11
3,144,2026-03-11,201.2,4,50.3,41.48,4
3,144,2026-03-12,676.02,14,48.29,38.71,14
3,144,2026-03-13,709.47,26,27.29,41.1,26
3,144,2026-03-14,302.12,19,15.9,27.72,19
3,144,2026-03-15,887.36,40,22.18,45.82,40
3,144,2026-03-16,829.29,23,36.06,26.27,23
3,144,2026-03-17,290.26,9,32.25,28.92,9
3,186,2026-02-15,823.07,26,31.66,29.51,26
3,186,2026-02-16,803.21,21,38.25,34.65,21
3,186,2026-02-17,1458.92,69,21.14,43.65,69
3,186,2026-02-18,1084.68,66,16.43,35.05,66
3,186,2026-02-19,1709.96,95,18.0,35.28,95
3,186,2026-02-20,926.11,20,46.31,28.26,20
3,186,2026-02-21,1946.6,85,22.9,48.33,85
3,186,2026-02-22,1317.14,33,39.91,46.9,33
3,186,2026-02-23,1276.28,30,42.54,27.14,30
3,186,2026-02-24,110.65,2,55.32,26.32,2
3,186,2026-02-25,1521.36,67,22.71,47.55,67
3,186,2026-02-26,368.9,23,16.04,30.33,23
3,186,2026-02-27,1419.88,57,24.91,47.73,57
3,186,2026-02-28,1596.8,37,43.16,36.88,37
3,186,2026-03-01,1731.67,80,21.65,27.54,80
3,186,2026-03-02,1059.44,23,46.06,28.8,23
3,186,2026-03-03,687.22,21,32.72,40.46,21
3,186,2026-03-04,311.44,9,34.6,36.74,9
3,186,2026-03-05,1487.21,39,38.13,47.59,39
3,186,2026-03-06,1700.53,46,36.97,28.67,46
3,186,2026-03-07,1086.23,27,40.23,28.39,27
3,186,2026-03-08,986.66,39,25.3,29.26,39
3,186,2026-03-09,152.92,4,38.23,45.45,4
3,186,2026-03-10,1375.87,41,33.56,29.55,41
3,186,2026-03-11,1444.66,29,49.82,48.67,29
3,186,2026-03-12,1121.9,24,46.75,49.7,24
3,186,2026-03-13,1418.42,111,12.78,28.37,111
3,186,2026-03-14,701.96,27,26.0,28.74,27
3,186,2026-03-15,2430.52,58,41.91,41.72,58
3,186,2026-03-16,1621.74,71,22.84,42.79,71
3,186,2026-03-17,1763.72,132,13.36,40.07,132
3,167,2026-02-15,133.09,12,11.09,47.28,12
3,167,2026-02-16,67.1,4,16.77,46.28,4
3,167,2026-02-17,40.07,1,40.07,38.01,1
3,167,2026-02-18,134.08,4,33.52,47.65,4
3,167,2026-02-19,18.93,0,0.0,32.67,0
3,167,2026-02-20,81.45,2,40.73,26.01,2
3,167,2026-02-21,145.63,3,48.54,36.45,3
3,167,2026-02-22,26.83,0,0.0,28.27,0
3,167,2026-02-23,159.89,4,39.97,43.37,4
3,167,2026-02-24,13.09,0,0.0,47.61,0
3,167,2026-02-25,70.43,6,11.74,41.8,6
3,167,2026-02-26,94.13,4,23.53,45.08,4
3,167,2026-02-27,119.96,2,59.98,35.18,2
3,167,2026-02-28,78.57,1,78.57,42.98,1
3,167,2026-03-01,121.29,4,30.32,31.67,4
3,167,2026-03-02,138.81,2,69.41,27.12,2
3,167,2026-03-03,103.11,4,25.78,37.72,4
3,167,2026-03-04,23.28,0,0.0,45.16,0
3,167,2026-03-05,20.85,1,20.85,34.33,1
3,167,2026-03-06,25.74,0,0.0,44.47,0
3,167,2026-03-07,175.7,16,10.98,25.34,16
3,167,2026-03-08,166.2,3,55.4,40.44,3
3,167,2026-03-09,32.26,0,0.0,46.78,0
3,167,2026-03-10,62.34,1,62.34,44.65,1
3,167,2026-03-11,23.39,1,23.39,42.6,1
3,167,2026-03-12,38.19,0,0.0,27.03,0
3,167,2026-03-13,21.9,0,0.0,25.1,0
3,167,2026-03-14,154.64,8,19.33,26.25,8
3,167,2026-03-15,26.15,1,26.15,38.23,1
3,167,2026-03-16,81.6,4,20.4,49.7,4
3,167,2026-03-17,104.63,5,20.93,32.2,5
3,160,2026-02-15,1350.21,30,45.01,26.53,30
3,160,2026-02-16,400.28,39,10.26,29.4,39
3,160,2026-02-17,531.77,33,16.11,38.55,33
3,160,2026-02-18,1784.16,46,38.79,42.57,46
3,160,2026-02-19,295.0,16,18.44,33.04,16
3,160,2026-02-20,1823.74,110,16.58,40.88,110
3,160,2026-02-21,1288.57,37,34.83,37.67,37
3,160,2026-02-22,687.38,25,27.5,45.61,25
3,160,2026-02-23,1377.43,44,31.31,41.37,44
3,160,2026-02-24,1436.09,71,20.23,43.86,71
3,160,2026-02-25,224.05,17,13.18,33.61,17
3,160,2026-02-26,1081.2,31,34.88,45.44,31
3,160,2026-02-27,235.65,5,47.13,42.9,5
3,160,2026-02-28,203.42,5,40.68,27.21,5
3,160,2026-03-01,1473.68,31,47.54,34.04,31
3,160,2026-03-02,1258.83,33,38.15,26.65,33
3,160,2026-03-03,471.5,10,47.15,36.27,10
3,160,2026-03-04,1103.1,37,29.81,37.49,37
3,160,2026-03-05,1177.16,52,22.64,49.98,52
3,160,2026-03-06,424.85,12,35.4,26.07,12
3,160,2026-03-07,892.67,31,28.8,36.54,31
3,160,2026-03-08,2169.88,49,44.28,49.31,49
3,160,2026-03-09,895.35,19,47.12,36.3,19
3,160,2026-03-10,293.07,7,41.87,35.49,7
3,160,2026-03-11,143.52,9,15.95,32.92,9
3,160,2026-03-12,1865.45,52,35.87,34.99,52
3,160,2026-03-13,126.42,3,42.14,41.54,3
3,160,2026-03-14,461.4,13,35.49,29.6,13
3,160,2026-03-15,379.71,14,27.12,28.75,14
3,160,2026-03-16,641.7,59,10.88,34.81,59
3,160,2026-03-17,648.22,13,49.86,38.73,13
3,193,2026-02-15,127.98,4,32.0,43.09,4
3,193,2026-02-16,156.56,3,52.19,29.0,3
3,193,2026-02-17,425.07,34,12.5,49.04,34
3,193,2026-02-18,49.42,2,24.71,36.92,2
3,193,2026-02-19,135.1,6,22.52,48.58,6
3,193,2026-02-20,282.63,10,28.26,25.32,10
3,193,2026-02-21,135.0,8,16.87,40.76,8
3,193,2026-02-22,298.89,11,27.17,28.05,11
3,193,2026-02-23,66.53,3,22.18,43.12,3
3,193,2026-02-24,285.55,6,47.59,34.24,6
3,193,2026-02-25,337.06,26,12.96,36.18,26
3,193,2026-02-26,151.82,8,18.98,33.16,8
3,193,2026-02-27,92.05,2,46.02,32.81,2
3,193,2026-02-28,440.63,9,48.96,44.67,9
3,193,2026-03-01,306.36,9,34.04,33.28,9
3,193,2026-03-02,94.64,6,15.77,33.05,6
3,193,2026-03-03,232.32,4,58.08,30.72,4
3,193,2026-03-04,201.65,10,20.16,45.49,10
3,193,2026-03-05,153.13,5,30.63,25.48,5
3,193,2026-03-06,163.13,11,14.83,43.75,11
3,193,2026-03-07,255.33,19,13.44,37.27,19
3,193,2026-03-08,298.2,6,49.7,48.96,6
3,193,2026-03-09,114.7,4,28.67,44.44,4
3,193,2026-03-10,233.39,11,21.22,28.58,11
3,193,2026-03-11,280.65,22,12.76,31.16,22
3,193,2026-03-12,242.21,10,24.22,45.62,10
3,193,2026-03-13,189.42,11,17.22,31.82,11
3,193,2026-03-14,162.49,3,54.16,40.12,3
3,193,2026-03-15,243.77,5,48.75,41.15,5
3,193,2026-03-16,357.84,10,35.78,28.01,10
3,193,2026-03-17,298.67,7,42.67,29.87,7
3,182,2026-02-15,898.33,42,21.39,44.77,42
3,182,2026-02-16,456.78,10,45.68,25.27,10
3,182,2026-02-17,352.07,22,16.0,25.63,22
3,182,2026-02-18,729.7,18,40.54,26.97,18
3,182,2026-02-19,544.14,11,49.47,28.69,11
3,182,2026-02-20,604.77,18,33.6,39.85,18
3,182,2026-02-21,859.83,60,14.33,31.84,60
3,182,2026-02-22,386.52,10,38.65,36.33,10
3,182,2026-02-23,217.02,14,15.5,48.9,14
3,182,2026-02-24,168.15,3,56.05,38.81,3
3,182,2026-02-25,438.68,19,23.09,43.01,19
3,182,2026-02-26,467.29,13,35.95,41.16,13
3,182,2026-02-27,415.7,18,23.09,45.9,18
3,182,2026-02-28,125.91,5,25.18,39.14,5
3,182,2026-03-01,867.96,19,45.68,26.4,19
3,182,2026-03-02,834.49,54,15.45,26.6,54
3,182,2026-03-03,133.68,8,16.71,38.07,8
3,182,2026-03-04,738.45,38,19.43,43.87,38
3,182,2026-03-05,909.69,38,23.94,35.32,38
3,182,2026-03-06,686.9,23,29.87,38.63,23
3,182,2026-03-07,653.6,18,36.31,34.9,18
3,182,2026-03-08,275.54,6,45.92,45.36,6
3,182,2026-03-09,455.59,31,14.7,47.79,31
3,182,2026-03-10,266.73,13,20.52,41.12,13
3,182,2026-03-11,475.8,39,12.2,46.07,39
3,182,2026-03-12,290.8,24,12.12,30.48,24
3,182,2026-03-13,258.25,16,16.14,46.76,16
3,182,2026-03-14,606.49,26,23.33,43.9,26
3,182,2026-03-15,909.46,84,10.83,44.14,84
3,182,2026-03-16,552.52,15,36.83,42.43,15
3,182,2026-03-17,625.01,53,11.79,39.74,53
3,200,2026-02-15,119.9,3,39.97,25.18,3
3,200,2026-02-16,240.07,7,34.3,34.2,7
3,200,2026-02-17,396.26,23,17.23,30.32,23
3,200,2026-02-18,217.1,4,54.27,43.61,4
3,200,2026-02-19,132.14,4,33.04,37.77,4
3,200,2026-02-20,74.71,4,18.68,40.19,4
3,200,2026-02-21,144.42,6,24.07,31.51,6
3,200,2026-02-22,75.4,3,25.13,25.72,3
3,200,2026-02-23,223.52,6,37.25,37.8,6
3,200,2026-02-24,155.07,8,19.38,26.04,8
3,200,2026-02-25,283.42,7,40.49,46.86,7
3,200,2026-02-26,84.42,2,42.21,43.68,2
3,200,2026-02-27,273.04,7,39.01,47.17,7
3,200,2026-02-28,396.94,16,24.81,26.36,16
3,200,2026-03-01,341.15,10,34.11,47.11,10
3,200,2026-03-02,115.27,3,38.42,32.75,3
3,200,2026-03-03,94.97,5,18.99,33.35,5
3,200,2026-03-04,173.34,4,43.34,43.0,4
3,200,2026-03-05,144.74,5,28.95,43.85,5
3,200,2026-03-06,277.93,9,30.88,39.92,9
3,200,2026-03-07,318.29,8,39.79,48.45,8
3,200,2026-03-08,65.96,4,16.49,25.01,4
3,200,2026-03-09,34.89,2,17.44,25.28,2
3,200,2026-03-10,93.51,9,10.39,36.13,9
3,200,2026-03-11,244.31,5,48.86,27.43,5
3,200,2026-03-12,151.1,4,37.77,49.27,4
3,200,2026-03-13,278.08,11,25.28,32.0,11
3,200,2026-03-14,300.96,13,23.15,25.87,13
3,200,2026-03-15,76.82,4,19.2,36.42,4
3,200,2026-03-16,348.98,7,49.85,47.86,7
3,200,2026-03-17,71.16,2,35.58,48.81,2
3,166,2026-02-15,886.66,19,46.67,48.3,19
3,166,2026-02-16,206.61,14,14.76,43.12,14
3,166,2026-02-17,508.78,11,46.25,42.37,11
3,166,2026-02-18,308.26,28,11.01,39.08,28
3,166,2026-02-19,119.91,3,39.97,30.39,3
3,166,2026-02-20,367.96,14,26.28,25.93,14
3,166,2026-02-21,520.97,18,28.94,29.38,18
3,166,2026-02-22,83.0,1,83.0,41.42,1
3,166,2026-02-23,875.91,19,46.1,42.75,19
3,166,2026-02-24,588.36,32,18.39,31.68,32
3,166,2026-02-25,633.23,13,48.71,29.7,13
3,166,2026-02-26,509.88,12,42.49,49.9,12
3,166,2026-02-27,95.26,2,47.63,46.42,2
3,166,2026-02-28,769.55,20,38.48,44.8,20
3,166,2026-03-01,872.59,21,41.55,32.16,21
3,166,2026-03-02,136.97,5,27.39,45.52,5
3,166,2026-03-03,480.07,19,25.27,47.55,19
3,166,2026-03-04,565.34,17,33.26,33.02,17
3,166,2026-03-05,518.81,19,27.31,39.51,19
3,166,2026-03-06,323.14,6,53.86,44.18,6
3,166,2026-03-07,229.68,6,38.28,47.24,6
3,166,2026-03-08,767.64,29,26.47,49.03,29
3,166,2026-03-09,142.08,7,20.3,28.44,7
3,166,2026-03-10,764.68,21,36.41,36.27,21
3,166,2026-03-11,441.04,11,40.09,47.24,11
3,166,2026-03-12,333.94,7,47.71,49.57,7
3,166,2026-03-13,169.21,7,24.17,40.82,7
3,166,2026-03-14,915.21,20,45.76,39.34,20
3,166,2026-03-15,1194.47,28,42.66,45.62,28
3,166,2026-03-16,387.87,9,43.1,47.02,9
3,166,2026-03-17,920.36,28,32.87,37.99,28
