data/sku_kpis.csv
location_id,product_id,kpi_date,revenue,units_sold,avg_price,gross_margin_pct,units_per_day
3,157,2026-02-15,72.58,3,24.19,38.76,3
3,157,2026-02-16,81.29,2,40.65,42.1,2
3,157,2026-02-17,87.41,2,43.7,33.14,2
3,157,2026-02-18,87.45,3,29.15,48.42,3
3,157,2026-02-19,60.67,1,60.67,30.48,1
3,157,2026-02-20,41.47,1,41.47,43.79,1
3,157,2026-02-21,19.92,0,0.0,36.34,0
3,157,2026-02-22,111.34,2,55.67,29.71,2
3,157,2026-02-23,7.36,0,0.0,37.61,0
3,157,2026-02-24,14.34,0,0.0,26.81,0
3,157,2026-02-25,98.74,5,19.75,35.15,5
3,157,2026-02-26,77.66,2,38.83,27.41,2
3,157,2026-02-27,76.46,6,12.74,25.78,6
3,157,2026-02-28,22.83,1,22.83,44.4,1
3,157,2026-03-01,19.69,0,0.0,48.78,0
3,157,2026-03-02,45.84,1,45.84,35.08,1
3,157,2026-03-03,63.38,2,31.69,34.69,2
3,157,2026-03-04,22.59,0,0.0,39.74,0
3,157,2026-03-05,43.52,1,43.52,26.05,1
3,157,2026-03-06,46.19,4,11.55,32.99,4
3,157,2026-03-07,12.22,0,0.0,46.53,0
3,157,2026-03-08,52.37,1,52.37,27.45,1
3,157,2026-03-09,75.28,2,37.64,33.78,2
3,157,2026-03-10,87.49,2,43.74,25.68,2
3,157,2026-03-11,8.69,0,0.0,47.65,0
3,157,2026-03-12,56.98,1,56.98,27.07,1
3,157,2026-03-13,74.82,1,74.82,48.06,1
3,157,2026-03-14,66.64,1,66.64,31.03,1
3,157,2026-03-15,137.16,12,11.43,32.75,12
3,157,2026-03-16,76.07,1,76.07,30.41,1
3,157,2026-03-17,42.49,4,10.62,28.21,4
3,143,2026-02-15,958.43,23,41.67,48.39,23
3,143,2026-02-16,433.25,14,30.95,36.58,14
3,143,2026-02-17,742.44,29,25.6,48.12,29
3,143,2026-02-18,648.73,54,12.01,39.64,54
3,143,2026-02-19,685.08,23,29.79,47.56,23
3,143,2026-02-20,286.24,17,16.84,32.26,17
3,143,2026-02-21,416.48,28,14.87,28.87,28
3,143,2026-02-22,890.63,49,18.18,37.16,49
3,143,2026-02-23,65.53,1,65.53,45.17,1
3,143,2026-02-24,727.23,17,42.78,26.1,17
3,143,2026-02-25,216.66,9,24.07,42.08,9
3,143,2026-02-26,614.3,32,19.2,36.12,32
3,143,2026-02-27,636.61,13,48.97,27.54,13
3,143,2026-02-28,257.14,6,42.86,48.67,6
3,143,2026-03-01,703.17,25,28.13,34.17,25
3,143,2026-03-02,660.12,61,10.82,38.13,61
3,143,2026-03-03,596.36,16,37.27,27.66,16
3,143,2026-03-04,386.35,18,21.46,38.93,18
3,143,2026-03-05,360.37,28,12.87,31.57,28
3,143,2026-03-06,743.18,30,24.77,35.03,30
3,143,2026-03-07,1038.7,22,47.21,46.89,22
3,143,2026-03-08,197.72,11,17.97,39.26,11
3,143,2026-03-09,662.44,23,28.8,49.91,23
3,143,2026-03-10,341.4,16,21.34,26.67,16
3,143,2026-03-11,622.17,35,17.78,35.33,35
3,143,2026-03-12,507.97,26,19.54,28.68,26
3,143,2026-03-13,159.95,4,39.99,25.28,4
3,143,2026-03-14,147.36,3,49.12,27.82,3
3,143,2026-03-15,839.86,25,33.59,25.22,25
3,143,2026-03-16,789.22,50,15.78,48.02,50
3,143,2026-03-17,807.76,19,42.51,29.72,19
3,176,2026-02-15,560.39,19,29.49,27.48,19
3,176,2026-02-16,385.74,10,38.57,38.54,10
3,176,2026-02-17,845.55,53,15.95,28.17,53
3,176,2026-02-18,520.05,11,47.28,26.7,11
3,176,2026-02-19,520.55,10,52.06,39.15,10
3,176,2026-02-20,249.9,6,41.65,45.99,6
3,176,2026-02-21,447.81,23,19.47,31.56,23
3,176,2026-02-22,128.48,4,32.12,46.77,4
3,176,2026-02-23,723.99,65,11.14,41.79,65
3,176,2026-02-24,746.12,29,25.73,40.16,29
3,176,2026-02-25,800.08,20,40.0,28.18,20
3,176,2026-02-26,459.79,11,41.8,47.22,11
3,176,2026-02-27,591.48,14,42.25,28.93,14
3,176,2026-02-28,818.43,38,21.54,44.33,38
3,176,2026-03-01,559.0,49,11.41,26.66,49
3,176,2026-03-02,133.91,2,66.96,28.64,2
3,176,2026-03-03,555.52,22,25.25,34.83,22
3,176,2026-03-04,379.86,8,47.48,47.93,8
3,176,2026-03-05,273.68,8,34.21,33.18,8
3,176,2026-03-06,276.53,5,55.31,37.79,5
3,176,2026-03-07,479.69,10,47.97,42.21,10
3,176,2026-03-08,787.72,16,49.23,40.13,16
3,176,2026-03-09,659.17,19,34.69,36.73,19
3,176,2026-03-10,124.68,4,31.17,33.56,4
3,176,2026-03-11,424.99,12,35.42,31.29,12
3,176,2026-03-12,273.38,13,21.03,32.22,13
3,176,2026-03-13,457.21,20,22.86,47.65,20
3,176,2026-03-14,1097.34,33,33.25,33.71,33
3,176,2026-03-15,430.3,10,43.03,37.94,10
3,176,2026-03-16,400.47,19,21.08,35.6,19
3,176,2026-03-17,633.15,15,42.21,47.26,15
4,245,2026-02-15,43.16,1,43.16,32.38,1
4,245,2026-02-16,121.14,4,30.29,38.57,4
4,245,2026-02-17,62.08,1,62.08,39.54,1
4,245,2026-02-18,46.6,1,46.6,46.9,1
4,245,2026-02-19,122.55,6,20.42,44.75,6
4,245,2026-02-20,167.84,9,18.65,41.19,9
4,245,2026-02-21,117.8,5,23.56,37.11,5
4,245,2026-02-22,85.35,2,42.67,38.44,2
4,245,2026-02-23,34.2,0,0.0,31.31,0
4,245,2026-02-24,173.41,4,43.35,49.6,4
4,245,2026-02-25,11.89,0,0.0,48.35,0
4,245,2026-02-26,188.94,6,31.49,49.77,6
4,245,2026-02-27,115.8,5,23.16,39.19,5
4,245,2026-02-28,68.09,5,13.62,35.69,5
4,245,2026-03-01,220.82,6,36.8,36.91,6
4,245,2026-03-02,92.49,6,15.42,29.53,6
4,245,2026-03-03,72.66,1,72.66,26.36,1
4,245,2026-03-04,199.68,9,22.19,38.71,9
4,245,2026-03-05,56.47,1,56.47,48.14,1
4,245,2026-03-06,131.62,7,18.8,47.28,7
4,245,2026-03-07,152.34,14,10.88,33.44,14
4,245,2026-03-08,176.37,8,22.05,35.75,8
4,245,2026-03-09,51.61,1,51.61,39.27,1
4,245,2026-03-10,63.17,1,63.17,46.02,1
4,245,2026-03-11,39.68,1,39.68,32.92,1
4,245,2026-03-12,47.49,1,47.49,45.63,1
4,245,2026-03-13,46.75,1,46.75,48.86,1
4,245,2026-03-14,37.94,0,0.0,49.47,0
4,245,2026-03-15,66.88,2,33.44,27.39,2
4,245,2026-03-16,147.37,7,21.05,36.49,7
4,245,2026-03-17,38.6,2,19.3,30.51,2
4,240,2026-02-15,220.48,11,20.04,32.71,11
4,240,2026-02-16,711.9,20,35.59,34.67,20
4,240,2026-02-17,318.5,22,14.48,27.05,22
4,240,2026-02-18,1062.6,38,27.96,43.48,38
4,240,2026-02-19,500.13,14,35.72,34.5,14
4,240,2026-02-20,686.47,32,21.45,47.05,32
4,240,2026-02-21,843.91,20,42.2,38.1,20
4,240,2026-02-22,657.09,21,31.29,40.39,21
4,240,2026-02-23,1039.66,30,34.66,34.32,30
4,240,2026-02-24,719.01,21,34.24,42.47,21
4,240,2026-02-25,484.71,11,44.06,30.18,11
4,240,2026-02-26,517.08,19,27.21,31.22,19
4,240,2026-02-27,465.26,24,19.39,40.01,24
4,240,2026-02-28,893.35,81,11.03,48.38,81
4,240,2026-03-01,404.74,10,40.47,36.31,10
4,240,2026-03-02,1244.95,48,25.94,33.63,48
4,240,2026-03-03,487.43,16,30.46,43.1,16
4,240,2026-03-04,1353.77,99,13.67,31.37,99
4,240,2026-03-05,308.38,12,25.7,49.93,12
4,240,2026-03-06,601.36,35,17.18,46.34,35
4,240,2026-03-07,1160.16,34,34.12,45.25,34
4,240,2026-03-08,1655.91,33,50.18,34.11,33
4,240,2026-03-09,1032.76,75,13.77,47.9,75
4,240,2026-03-10,201.19,5,40.24,26.25,5
4,240,2026-03-11,164.83,3,54.94,36.33,3
4,240,2026-03-12,429.08,9,47.68,31.96,9
4,240,2026-03-13,1192.24,62,19.23,32.79,62
4,240,2026-03-14,947.24,49,19.33,27.31,49
4,240,2026-03-15,161.26,4,40.31,44.61,4
4,240,2026-03-16,1161.95,24,48.41,29.4,24
4,240,2026-03-17,664.65,13,51.13,47.37,13
4,253,2026-02-15,412.87,9,45.87,29.88,9
4,253,2026-02-16,670.15,52,12.89,27.54,52
4,253,2026-02-17,849.0,49,17.33,28.1,49
4,253,2026-02-18,625.34,15,41.69,43.08,15
4,253,2026-02-19,262.78,5,52.56,31.14,5
4,253,2026-02-20,76.31,1,76.31,44.16,1
4,253,2026-02-21,690.84,63,10.97,37.61,63
4,253,2026-02-22,184.89,12,15.41,26.21,12
4,253,2026-02-23,228.73,14,16.34,46.54,14
4,253,2026-02-24,759.33,23,33.01,31.98,23
4,253,2026-02-25,286.7,16,17.92,27.75,16
4,253,2026-02-26,386.84,10,38.68,43.86,10
4,253,2026-02-27,172.63,6,28.77,25.01,6
4,253,2026-02-28,683.48,16,42.72,41.94,16
4,253,2026-03-01,582.49,18,32.36,35.1,18
4,253,2026-03-02,681.75,14,48.7,48.58,14
4,253,2026-03-03,386.25,11,35.11,42.96,11
4,253,2026-03-04,908.18,22,41.28,38.09,22
4,253,2026-03-05,456.27,15,30.42,37.49,15
4,253,2026-03-06,840.75,46,18.28,39.99,46
4,253,2026-03-07,686.64,31,22.15,40.11,31
4,253,2026-03-08,710.47,28,25.37,34.34,28
4,253,2026-03-09,444.31,24,18.51,25.4,24
4,253,2026-03-10,537.98,15,35.87,28.68,15
4,253,2026-03-11,999.68,24,41.65,43.73,24
4,253,2026-03-12,706.48,31,22.79,31.11,31
4,253,2026-03-13,87.81,4,21.95,35.98,4
4,253,2026-03-14,811.5,28,28.98,36.63,28
4,253,2026-03-15,1195.55,41,29.16,35.4,41
4,253,2026-03-16,121.88,2,60.94,47.43,2
4,253,2026-03-17,1008.9,46,21.93,26.33,46
4,227,2026-02-15,519.73,20,25.99,41.34,20
4,227,2026-02-16,361.97,10,36.2,33.87,10
4,227,2026-02-17,481.92,16,30.12,48.35,16
4,227,2026-02-18,993.23,34,29.21,33.81,34
4,227,2026-02-19,258.42,5,51.68,29.15,5
4,227,2026-02-20,885.85,55,16.11,42.78,55
4,227,2026-02-21,381.94,34,11.23,30.47,34
4,227,2026-02-22,686.94,62,11.08,35.09,62
4,227,2026-02-23,716.25,25,28.65,40.54,25
4,227,2026-02-24,254.75,21,12.13,37.92,21
4,227,2026-02-25,134.94,4,33.74,37.19,4
4,227,2026-02-26,808.81,70,11.55,44.48,70
4,227,2026-02-27,747.99,22,34.0,26.68,22
4,227,2026-02-28,1129.71,23,49.12,34.45,23
4,227,2026-03-01,816.87,29,28.17,43.06,29
4,227,2026-03-02,350.34,22,15.92,47.87,22
4,227,2026-03-03,126.93,5,25.39,34.86,5
4,227,2026-03-04,117.8,5,23.56,48.84,5
4,227,2026-03-05,213.54,6,35.59,35.44,6
4,227,2026-03-06,695.78,43,16.18,38.68,43
4,227,2026-03-07,370.43,7,52.92,25.01,7
4,227,2026-03-08,156.87,3,52.29,31.64,3
4,227,2026-03-09,544.83,43,12.67,36.71,43
4,227,2026-03-10,910.83,19,47.94,37.34,19
4,227,2026-03-11,144.03,5,28.81,47.49,5
4,227,2026-03-12,563.3,11,51.21,46.26,11
4,227,2026-03-13,889.29,43,20.68,38.96,43
4,227,2026-03-14,1088.85,25,43.55,33.26,25
4,227,2026-03-15,746.13,24,31.09,41.69,24
4,227,2026-03-16,771.92,22,35.09,42.07,22
4,227,2026-03-17,659.22,16,41.2,31.13,16
4,216,2026-02-15,2243.19,82,27.36,31.8,82
4,216,2026-02-16,1880.11,85,22.12,49.32,85
4,216,2026-02-17,2234.77,185,12.08,39.79,185
4,216,2026-02-18,1862.94,91,20.47,45.6,91
4,216,2026-02-19,1248.84,28,44.6,30.47,28
4,216,2026-02-20,1929.54,67,28.8,28.83,67
4,216,2026-02-21,383.49,12,31.96,34.07,12
4,216,2026-02-22,2283.8,85,26.87,33.28,85
4,216,2026-02-23,311.23,18,17.29,37.03,18
4,216,2026-02-24,1646.01,130,12.66,32.85,130
4,216,2026-02-25,1662.4,60,27.71,45.38,60
4,216,2026-02-26,472.91,16,29.56,25.76,16
4,216,2026-02-27,2192.75,148,14.82,30.89,148
4,216,2026-02-28,2801.38,94,29.8,48.96,94
4,216,2026-03-01,1553.0,59,26.32,46.24,59
4,216,2026-03-02,867.87,25,34.71,29.12,25
4,216,2026-03-03,451.48,19,23.76,34.42,19
4,216,2026-03-04,352.82,26,13.57,44.9,26
4,216,2026-03-05,167.16,5,33.43,37.32,5
4,216,2026-03-06,347.74,7,49.68,45.2,7
4,216,2026-03-07,2014.11,40,50.35,25.05,40
4,216,2026-03-08,688.32,44,15.64,49.59,44
4,216,2026-03-09,867.9,23,37.73,45.67,23
4,216,2026-03-10,970.67,29,33.47,26.01,29
4,216,2026-03-11,2084.99,89,23.43,25.97,89
4,216,2026-03-12,1283.78,25,51.35,40.36,25
4,216,2026-03-13,1908.87,107,17.84,29.25,107
4,216,2026-03-14,1299.73,26,49.99,27.69,26
4,216,2026-03-15,1502.56,43,34.94,38.15,43
4,216,2026-03-16,1641.73,76,21.6,26.62,76
4,216,2026-03-17,1322.57,64,20.67,41.09,64
4,249,2026-02-15,747.23,53,14.1,40.16,53
4,249,2026-02-16,545.28,48,11.36,46.3,48
4,249,2026-02-17,607.73,16,37.98,45.26,16
4,249,2026-02-18,454.51,14,32.47,32.34,14
4,249,2026-02-19,758.05,29,26.14,45.17,29
4,249,2026-02-20,255.34,5,51.07,32.73,5
4,249,2026-02-21,445.78,22,20.26,28.72,22
4,249,2026-02-22,262.76,19,13.83,39.69,19
4,249,2026-02-23,155.73,10,15.57,36.22,10
4,249,2026-02-24,157.81,12,13.15,44.26,12
4,249,2026-02-25,526.09,15,35.07,42.97,15
4,249,2026-02-26,490.83,32,15.34,41.11,32
4,249,2026-02-27,947.98,29,32.69,39.69,29
4,249,2026-02-28,1096.36,59,18.58,36.83,59
4,249,2026-03-01,117.46,7,16.78,29.79,7
4,249,2026-03-02,142.28,12,11.86,46.33,12
4,249,2026-03-03,249.52,14,17.82,37.44,14
4,249,2026-03-04,758.63,29,26.16,42.73,29
4,249,2026-03-05,317.2,20,15.86,33.17,20
4,249,2026-03-06,804.93,29,27.76,32.87,29
4,249,2026-03-07,1119.46,34,32.93,42.5,34
4,249,2026-03-08,89.87,2,44.94,48.86,2
4,249,2026-03-09,479.08,16,29.94,49.71,16
4,249,2026-03-10,190.02,4,47.5,31.0,4
4,249,2026-03-11,642.47,13,49.42,47.68,13
4,249,2026-03-12,648.41,24,27.02,44.27,24
4,249,2026-03-13,608.65,15,40.58,45.01,15
4,249,2026-03-14,503.79,49,10.28,37.07,49
4,249,2026-03-15,907.62,30,30.25,30.28,30
4,249,2026-03-16,343.87,9,38.21,43.41,9
4,249,2026-03-17,432.97,13,33.31,47.24,13
4,218,2026-02-15,218.16,6,36.36,40.31,6
4,218,2026-02-16,80.87,1,80.87,45.01,1
4,218,2026-02-17,83.24,2,41.62,38.68,2
4,218,2026-02-18,116.13,2,58.07,26.11,2
4,218,2026-02-19,69.74,2,34.87,40.68,2
4,218,2026-02-20,160.67,5,32.13,46.96,5
4,218,2026-02-21,207.36,4,51.84,40.22,4
4,218,2026-02-22,75.42,3,25.14,39.77,3
4,218,2026-02-23,81.78,3,27.26,41.3,3
4,218,2026-02-24,18.4,0,0.0,47.61,0
4,218,2026-02-25,51.82,2,25.91,38.27,2
4,218,2026-02-26,21.17,0,0.0,36.23,0
4,218,2026-02-27,82.81,3,27.6,48.97,3
4,218,2026-02-28,219.85,10,21.99,45.36,10
4,218,2026-03-01,129.58,4,32.39,37.54,4
4,218,2026-03-02,206.66,4,51.66,41.0,4
4,218,2026-03-03,63.4,1,63.4,26.28,1
4,218,2026-03-04,230.48,12,19.21,41.53,12
4,218,2026-03-05,59.65,4,14.91,30.87,4
4,218,2026-03-06,184.15,5,36.83,33.21,5
4,218,2026-03-07,147.21,8,18.4,42.13,8
4,218,2026-03-08,38.3,1,38.3,48.66,1
4,218,2026-03-09,15.75,1,15.75,43.74,1
4,218,2026-03-10,61.57,1,61.57,41.8,1
4,218,2026-03-11,86.6,1,86.6,30.1,1
4,218,2026-03-12,38.36,2,19.18,48.29,2
4,218,2026-03-13,64.86,2,32.43,38.72,2
4,218,2026-03-14,32.67,0,0.0,46.83,0
4,218,2026-03-15,181.23,17,10.66,30.99,17
4,218,2026-03-16,136.64,3,45.55,48.61,3
4,218,2026-03-17,168.75,11,15.34,36.28,11
4,217,2026-02-15,186.83,4,46.71,44.49,4
4,217,2026-02-16,384.85,25,15.39,41.7,25
4,217,2026-02-17,288.61,21,13.74,44.73,21
4,217,2026-02-18,448.69,17,26.39,29.73,17
4,217,2026-02-19,991.47,25,39.66,47.77,25
4,217,2026-02-20,576.2,11,52.38,44.16,11
4,217,2026-02-21,1191.12,72,16.54,33.55,72
4,217,2026-02-22,688.09,18,38.23,29.85,18
4,217,2026-02-23,874.82,21,41.66,33.78,21
4,217,2026-02-24,294.25,11,26.75,43.92,11
4,217,2026-02-25,121.27,3,40.42,45.3,3
4,217,2026-02-26,274.86,15,18.32,40.94,15
4,217,2026-02-27,789.87,19,41.57,26.67,19
4,217,2026-02-28,1156.77,60,19.28,41.43,60
4,217,2026-03-01,1098.37,36,30.51,44.27,36
4,217,2026-03-02,474.7,13,36.52,29.98,13
4,217,2026-03-03,87.43,3,29.14,25.09,3
4,217,2026-03-04,443.74,8,55.47,48.35,8
4,217,2026-03-05,578.3,21,27.54,45.94,21
4,217,2026-03-06,807.17,18,44.84,27.13,18
4,217,2026-03-07,1037.26,30,34.58,39.04,30
4,217,2026-03-08,214.15,13,16.47,37.36,13
4,217,2026-03-09,1049.71,26,40.37,33.52,26
4,217,2026-03-10,602.57,53,11.37,45.88,53
4,217,2026-03-11,369.58,16,23.1,45.55,16
4,217,2026-03-12,298.65,6,49.77,26.37,6
4,217,2026-03-13,321.77,6,53.63,28.42,6
4,217,2026-03-14,373.73,14,26.69,28.83,14
4,217,2026-03-15,416.82,15,27.79,26.86,15
4,217,2026-03-16,512.8,39,13.15,32.71,39
4,217,2026-03-17,278.86,25,11.15,49.53,25
4,214,2026-02-15,183.27,4,45.82,46.74,4
4,214,2026-02-16,394.49,11,35.86,46.29,11
4,214,2026-02-17,183.4,13,14.11,31.6,13
4,214,2026-02-18,174.76,3,58.25,29.57,3
4,214,2026-02-19,126.63,3,42.21,30.79,3
4,214,2026-02-20,151.29,3,50.43,38.76,3
4,214,2026-02-21,265.13,5,53.03,45.29,5
4,214,2026-02-22,358.31,10,35.83,42.26,10
4,214,2026-02-23,139.2,4,34.8,32.44,4
4,214,2026-02-24,331.07,8,41.38,26.02,8
4,214,2026-02-25,330.75,12,27.56,41.45,12
4,214,2026-02-26,163.5,13,12.58,26.72,13
4,214,2026-02-27,438.6,13,33.74,27.67,13
4,214,2026-02-28,321.03,11,29.18,34.03,11
4,214,2026-03-01,285.67,13,21.97,39.77,13
4,214,2026-03-02,264.69,6,44.12,27.05,6
4,214,2026-03-03,90.12,2,45.06,39.23,2
4,214,2026-03-04,438.63,12,36.55,25.42,12
4,214,2026-03-05,101.76,2,50.88,29.23,2
4,214,2026-03-06,418.03,9,46.45,37.74,9
4,214,2026-03-07,645.41,63,10.24,38.07,63
4,214,2026-03-08,191.46,4,47.87,44.41,4
4,214,2026-03-09,105.3,3,35.1,26.48,3
4,214,2026-03-10,110.0,2,55.0,29.81,2
4,214,2026-03-11,252.28,10,25.23,35.11,10
4,214,2026-03-12,248.68,5,49.74,32.19,5
4,214,2026-03-13,133.33,3,44.44,28.12,3
4,214,2026-03-14,276.65,7,39.52,37.44,7
4,214,2026-03-15,442.91,16,27.68,29.78,16
4,214,2026-03-16,114.4,7,16.34,29.61,7
4,214,2026-03-17,267.9,18,14.88,41.78,18
4,242,2026-02-15,29.87,2,14.94,49.95,2
4,242,2026-02-16,79.95,2,39.98,42.1,2
4,242,2026-02-17,20.83,1,20.83,48.98,1
4,242,2026-02-18,93.02,2,46.51,42.93,2
4,242,2026-02-19,112.82,10,11.28,27.67,10
4,242,2026-02-20,30.94,1,30.94,43.11,1
4,242,2026-02-21,106.33,2,53.16,33.13,2
4,242,2026-02-22,81.72,2,40.86,42.01,2
4,242,2026-02-23,53.93,2,26.97,40.88,2
4,242,2026-02-24,26.23,1,26.23,46.75,1
4,242,2026-02-25,95.86,2,47.93,37.25,2
4,242,2026-02-26,138.74,5,27.75,31.3,5
4,242,2026-02-27,66.46,4,16.62,44.53,4
4,242,2026-02-28,145.65,3,48.55,38.11,3
4,242,2026-03-01,37.63,2,18.81,32.18,2
4,242,2026-03-02,50.21,2,25.11,44.23,2
4,242,2026-03-03,60.38,1,60.38,26.63,1
4,242,2026-03-04,75.68,3,25.23,30.61,3
4,242,2026-03-05,28.77,0,0.0,45.99,0
4,242,2026-03-06,114.82,5,22.96,37.01,5
4,242,2026-03-07,81.72,5,16.34,44.53,5
4,242,2026-03-08,117.11,4,29.28,49.66,4
4,242,2026-03-09,73.21,2,36.61,28.62,2
4,242,2026-03-10,39.87,1,39.87,31.37,1
4,242,2026-03-11,19.35,0,0.0,37.91,0
4,242,2026-03-12,40.79,1,40.79,26.57,1
4,242,2026-03-13,133.56,9,14.84,47.47,9
4,242,2026-03-14,47.57,2,23.79,48.94,2
4,242,2026-03-15,141.37,3,47.12,39.36,3
4,242,2026-03-16,115.82,2,57.91,40.69,2
4,242,2026-03-17,99.96,9,11.11,48.97,9
4,229,2026-02-15,491.73,13,37.83,38.85,13
4,229,2026-02-16,699.12,69,10.13,29.84,69
4,229,2026-02-17,201.17,9,22.35,44.1,9
4,229,2026-02-18,437.32,10,43.73,39.65,10
4,229,2026-02-19,768.21,20,38.41,49.02,20
4,229,2026-02-20,713.31,29,24.6,34.5,29
4,229,2026-02-21,1043.44,22,47.43,33.12,22
4,229,2026-02-22,1551.63,63,24.63,43.97,63
4,229,2026-02-23,690.23,23,30.01,35.77,23
4,229,2026-02-24,588.16,15,39.21,27.58,15
4,229,2026-02-25,1044.08,54,19.33,46.66,54
4,229,2026-02-26,370.59,13,28.51,49.9,13
4,229,2026-02-27,185.06,4,46.27,49.4,4
4,229,2026-02-28,846.41,54,15.67,43.45,54
4,229,2026-03-01,371.9,26,14.3,31.41,26
4,229,2026-03-02,1413.65,53,26.67,49.78,53
4,229,2026-03-03,769.76,16,48.11,47.33,16
4,229,2026-03-04,227.66,4,56.92,40.29,4
4,229,2026-03-05,169.55,8,21.19,39.96,8
4,229,2026-03-06,894.29,18,49.68,31.03,18
4,229,2026-03-07,886.5,42,21.11,29.18,42
4,229,2026-03-08,1496.02,38,39.37,48.16,38
4,229,2026-03-09,696.23,14,49.73,44.89,14
4,229,2026-03-10,1177.74,84,14.02,37.59,84
4,229,2026-03-11,329.0,9,36.56,25.0,9
4,229,2026-03-12,903.65,19,47.56,43.83,19
4,229,2026-03-13,757.94,45,16.84,43.47,45
4,229,2026-03-14,1683.66,51,33.01,41.68,51
4,229,2026-03-15,344.47,8,43.06,30.86,8
4,229,2026-03-16,132.18,7,18.88,45.68,7
4,229,2026-03-17,288.74,13,22.21,26.53,13
