data/sku_kpis.csv
location_id,product_id,kpi_date,revenue,units_sold,avg_price,gross_margin_pct,units_per_day
6,356,2026-02-15,97.54,2,48.77,48.34,2
6,356,2026-02-16,94.92,5,18.98,38.9,5
6,356,2026-02-17,82.95,1,82.95,37.54,1
6,356,2026-02-18,81.38,2,40.69,47.07,2
6,356,2026-02-19,29.73,0,0.0,35.19,0
6,356,2026-02-20,73.39,2,36.7,40.87,2
6,356,2026-02-21,104.64,2,52.32,47.83,2
6,356,2026-02-22,105.37,2,52.69,29.43,2
6,356,2026-02-23,51.78,2,25.89,38.8,2
6,356,2026-02-24,111.15,7,15.88,49.33,7
6,356,2026-02-25,26.12,0,0.0,44.78,0
6,356,2026-02-26,29.03,1,29.03,40.22,1
6,356,2026-02-27,13.15,0,0.0,37.7,0
6,356,2026-02-28,114.4,4,28.6,29.67,4
6,356,2026-03-01,114.27,2,57.13,26.58,2
6,356,2026-03-02,47.78,1,47.78,44.11,1
6,356,2026-03-03,92.91,8,11.61,48.82,8
6,356,2026-03-04,61.4,2,30.7,41.27,2
6,356,2026-03-05,49.9,1,49.9,34.26,1
6,356,2026-03-06,60.18,5,12.04,47.47,5
6,356,2026-03-07,70.42,5,14.08,41.35,5
6,356,2026-03-08,41.29,1,41.29,40.53,1
6,356,2026-03-09,51.13,1,51.13,35.24,1
6,356,2026-03-10,51.74,1,51.74,27.77,1
6,356,2026-03-11,93.67,3,31.22,46.33,3
6,356,2026-03-12,77.74,2,38.87,32.47,2
6,356,2026-03-13,74.18,4,18.54,41.89,4
6,356,2026-03-14,120.01,2,60.01,28.77,2
6,356,2026-03-15,50.54,2,25.27,48.83,2
6,356,2026-03-16,43.81,1,43.81,29.27,1
6,356,2026-03-17,89.88,2,44.94,27.36,2
6,359,2026-02-15,375.19,20,18.76,40.42,20
6,359,2026-02-16,525.81,11,47.8,29.06,11
6,359,2026-02-17,276.86,8,34.61,41.78,8
6,359,2026-02-18,439.3,42,10.46,36.11,42
6,359,2026-02-19,273.07,17,16.06,46.54,17
6,359,2026-02-20,62.83,3,20.94,36.88,3
6,359,2026-02-21,728.19,27,26.97,39.76,27
6,359,2026-02-22,943.55,75,12.58,35.95,75
6,359,2026-02-23,477.45,16,29.84,39.06,16
6,359,2026-02-24,483.8,14,34.56,32.67,14
6,359,2026-02-25,566.47,28,20.23,33.8,28
6,359,2026-02-26,552.76,16,34.55,35.14,16
6,359,2026-02-27,85.53,2,42.77,45.07,2
6,359,2026-02-28,705.53,16,44.1,27.81,16
6,359,2026-03-01,503.81,23,21.9,36.46,23
6,359,2026-03-02,613.06,25,24.52,34.97,25
6,359,2026-03-03,385.88,9,42.88,27.67,9
6,359,2026-03-04,350.6,8,43.83,38.34,8
6,359,2026-03-05,266.9,11,24.26,44.81,11
6,359,2026-03-06,177.48,4,44.37,45.16,4
6,359,2026-03-07,859.49,37,23.23,29.27,37
6,359,2026-03-08,916.98,18,50.94,29.1,18
6,359,2026-03-09,151.45,5,30.29,34.92,5
6,359,2026-03-10,237.3,6,39.55,26.53,6
6,359,2026-03-11,596.3,34,17.54,38.37,34
6,359,2026-03-12,264.74,8,33.09,44.25,8
6,359,2026-03-13,53.09,1,53.09,39.33,1
6,359,2026-03-14,198.63,5,39.73,26.03,5
6,359,2026-03-15,536.07,14,38.29,38.52,14
6,359,2026-03-16,199.04,5,39.81,36.84,5
6,359,2026-03-17,709.32,17,41.72,27.65,17
6,373,2026-02-15,45.72,0,0.0,30.91,0
6,373,2026-02-16,22.55,0,0.0,44.71,0
6,373,2026-02-17,85.16,7,12.17,30.32,7
6,373,2026-02-18,63.38,1,63.38,43.99,1
6,373,2026-02-19,51.27,1,51.27,46.74,1
6,373,2026-02-20,59.89,1,59.89,25.43,1
6,373,2026-02-21,113.96,4,28.49,32.32,4
6,373,2026-02-22,80.73,1,80.73,29.79,1
6,373,2026-02-23,50.15,1,50.15,46.12,1
6,373,2026-02-24,113.88,4,28.47,39.24,4
6,373,2026-02-25,57.38,1,57.38,43.03,1
6,373,2026-02-26,9.69,0,0.0,36.8,0
6,373,2026-02-27,37.46,1,37.46,25.87,1
6,373,2026-02-28,20.24,0,0.0,35.69,0
6,373,2026-03-01,135.66,9,15.07,30.77,9
6,373,2026-03-02,86.31,3,28.77,49.22,3
6,373,2026-03-03,18.62,0,0.0,26.08,0
6,373,2026-03-04,61.59,1,61.59,48.87,1
6,373,2026-03-05,63.66,1,63.66,45.46,1
6,373,2026-03-06,41.04,1,41.04,25.97,1
6,373,2026-03-07,24.63,0,0.0,27.92,0
6,373,2026-03-08,119.96,3,39.99,35.9,3
6,373,2026-03-09,52.14,2,26.07,35.64,2
6,373,2026-03-10,24.28,0,0.0,29.52,0
6,373,2026-03-11,61.2,2,30.6,30.39,2
6,373,2026-03-12,76.87,2,38.43,35.99,2
6,373,2026-03-13,10.22,0,0.0,37.01,0
6,373,2026-03-14,52.0,1,52.0,42.12,1
6,373,2026-03-15,43.42,1,43.42,40.02,1
6,373,2026-03-16,37.01,2,18.51,45.6,2
6,373,2026-03-17,28.95,1,28.95,25.15,1
6,368,2026-02-15,98.39,2,49.2,32.19,2
6,368,2026-02-16,81.72,4,20.43,29.16,4
6,368,2026-02-17,77.71,1,77.71,26.41,1
6,368,2026-02-18,68.56,2,34.28,41.46,2
6,368,2026-02-19,109.94,2,54.97,26.7,2
6,368,2026-02-20,70.71,2,35.36,48.08,2
6,368,2026-02-21,77.99,2,38.99,36.58,2
6,368,2026-02-22,29.31,0,0.0,38.4,0
6,368,2026-02-23,60.7,3,20.23,33.66,3
6,368,2026-02-24,42.08,1,42.08,38.85,1
6,368,2026-02-25,24.23,0,0.0,32.63,0
6,368,2026-02-26,80.17,3,26.72,42.82,3
6,368,2026-02-27,29.61,1,29.61,49.44,1
6,368,2026-02-28,43.81,1,43.81,27.1,1
6,368,2026-03-01,19.5,0,0.0,26.31,0
6,368,2026-03-02,80.44,6,13.41,32.71,6
6,368,2026-03-03,15.07,0,0.0,32.68,0
6,368,2026-03-04,60.22,1,60.22,40.97,1
6,368,2026-03-05,43.25,2,21.62,35.96,2
6,368,2026-03-06,55.29,1,55.29,43.31,1
6,368,2026-03-07,21.2,0,0.0,36.53,0
6,368,2026-03-08,52.29,2,26.14,45.14,2
6,368,2026-03-09,61.01,3,20.34,32.23,3
6,368,2026-03-10,94.58,5,18.92,33.33,5
6,368,2026-03-11,50.35,1,50.35,30.56,1
6,368,2026-03-12,21.35,1,21.35,27.08,1
6,368,2026-03-13,87.02,2,43.51,30.99,2
6,368,2026-03-14,80.88,1,80.88,49.51,1
6,368,2026-03-15,54.51,4,13.63,36.86,4
6,368,2026-03-16,56.43,3,18.81,47.84,3
6,368,2026-03-17,13.34,0,0.0,37.0,0
6,343,2026-02-15,519.09,49,10.59,45.68,49
6,343,2026-02-16,400.51,17,23.56,26.56,17
6,343,2026-02-17,176.16,6,29.36,32.64,6
6,343,2026-02-18,249.97,6,41.66,48.16,6
6,343,2026-02-19,591.84,20,29.59,45.14,20
6,343,2026-02-20,390.27,27,14.45,39.11,27
6,343,2026-02-21,155.7,5,31.14,36.96,5
6,343,2026-02-22,321.42,7,45.92,37.41,7
6,343,2026-02-23,558.04,20,27.9,34.47,20
6,343,2026-02-24,181.24,4,45.31,39.72,4
6,343,2026-02-25,103.12,4,25.78,30.25,4
6,343,2026-02-26,374.92,11,34.08,39.39,11
6,343,2026-02-27,559.78,15,37.32,35.75,15
6,343,2026-02-28,842.6,35,24.07,40.24,35
6,343,2026-03-01,610.59,14,43.61,42.24,14
6,343,2026-03-02,110.87,3,36.96,38.85,3
6,343,2026-03-03,325.7,9,36.19,38.28,9
6,343,2026-03-04,236.74,5,47.35,42.72,5
6,343,2026-03-05,186.44,4,46.61,38.51,4
6,343,2026-03-06,358.56,11,32.6,47.62,11
6,343,2026-03-07,219.24,10,21.92,31.92,10
6,343,2026-03-08,1020.27,24,42.51,32.44,24
6,343,2026-03-09,590.47,12,49.21,41.75,12
6,343,2026-03-10,522.55,15,34.84,35.95,15
6,343,2026-03-11,413.85,9,45.98,45.6,9
6,343,2026-03-12,785.23,33,23.79,42.75,33
6,343,2026-03-13,309.79,10,30.98,48.64,10
6,343,2026-03-14,618.05,14,44.15,26.28,14
6,343,2026-03-15,207.97,7,29.71,39.6,7
6,343,2026-03-16,517.98,15,34.53,47.43,15
6,343,2026-03-17,718.97,16,44.94,45.5,16
6,319,2026-02-15,40.44,1,40.44,40.98,1
6,319,2026-02-16,99.97,3,33.32,27.05,3
6,319,2026-02-17,7.41,0,0.0,39.51,0
6,319,2026-02-18,31.28,0,0.0,48.14,0
6,319,2026-02-19,95.29,2,47.64,44.87,2
6,319,2026-02-20,24.89,0,0.0,46.85,0
6,319,2026-02-21,65.16,2,32.58,38.08,2
6,319,2026-02-22,19.81,0,0.0,40.95,0
6,319,2026-02-23,27.68,0,0.0,43.8,0
6,319,2026-02-24,98.69,6,16.45,27.05,6
6,319,2026-02-25,31.7,0,0.0,37.29,0
6,319,2026-02-26,64.99,3,21.66,47.91,3
6,319,2026-02-27,49.95,1,49.95,25.57,1
6,319,2026-02-28,95.1,2,47.55,46.66,2
6,319,2026-03-01,129.32,3,43.11,46.15,3
6,319,2026-03-02,78.85,2,39.43,39.43,2
6,319,2026-03-03,40.55,2,20.27,46.54,2
6,319,2026-03-04,110.45,3,36.82,30.53,3
6,319,2026-03-05,86.96,6,14.49,45.73,6
6,319,2026-03-06,35.41,1,35.41,43.77,1
6,319,2026-03-07,95.41,3,31.8,43.73,3
6,319,2026-03-08,102.69,2,51.34,29.88,2
6,319,2026-03-09,70.71,6,11.79,43.61,6
6,319,2026-03-10,18.79,0,0.0,39.61,0
6,319,2026-03-11,7.36,0,0.0,38.32,0
6,319,2026-03-12,100.54,2,50.27,32.68,2
6,319,2026-03-13,72.72,3,24.24,28.03,3
6,319,2026-03-14,89.82,7,12.83,26.48,7
6,319,2026-03-15,65.88,1,65.88,44.94,1
6,319,2026-03-16,86.28,2,43.14,26.07,2
6,319,2026-03-17,38.12,0,0.0,32.48,0
6,332,2026-02-15,947.49,51,18.58,26.74,51
6,332,2026-02-16,449.88,11,40.9,44.68,11
6,332,2026-02-17,521.4,20,26.07,35.05,20
6,332,2026-02-18,866.83,65,13.34,42.26,65
6,332,2026-02-19,591.55,17,34.8,39.21,17
6,332,2026-02-20,245.86,12,20.49,40.47,12
6,332,2026-02-21,858.35,24,35.76,38.61,24
6,332,2026-02-22,1261.27,25,50.45,46.04,25
6,332,2026-02-23,439.46,17,25.85,48.89,17
6,332,2026-02-24,499.23,25,19.97,41.27,25
6,332,2026-02-25,940.51,21,44.79,30.99,21
6,332,2026-02-26,566.49,32,17.7,33.67,32
6,332,2026-02-27,724.89,51,14.21,32.25,51
6,332,2026-02-28,582.05,15,38.8,26.06,15
6,332,2026-03-01,265.09,8,33.14,31.0,8
6,332,2026-03-02,491.01,17,28.88,46.38,17
6,332,2026-03-03,559.16,20,27.96,44.14,20
6,332,2026-03-04,497.32,48,10.36,47.85,48
6,332,2026-03-05,398.78,12,33.23,34.44,12
6,332,2026-03-06,341.87,26,13.15,42.62,26
6,332,2026-03-07,608.32,53,11.48,27.62,53
6,332,2026-03-08,1290.37,45,28.67,48.72,45
6,332,2026-03-09,672.53,36,18.68,38.39,36
6,332,2026-03-10,767.84,16,47.99,35.24,16
6,332,2026-03-11,288.94,5,57.79,49.08,5
6,332,2026-03-12,110.62,3,36.87,38.67,3
6,332,2026-03-13,195.18,3,65.06,25.21,3
6,332,2026-03-14,214.13,7,30.59,35.56,7
6,332,2026-03-15,1206.97,39,30.95,27.56,39
6,332,2026-03-16,590.1,15,39.34,36.33,15
6,332,2026-03-17,611.56,18,33.98,39.8,18
7,410,2026-02-15,109.83,2,54.91,39.38,2
7,410,2026-02-16,59.22,5,11.84,37.38,5
7,410,2026-02-17,22.45,0,0.0,47.94,0
7,410,2026-02-18,63.7,1,63.7,42.3,1
7,410,2026-02-19,6.46,0,0.0,37.64,0
7,410,2026-02-20,60.43,2,30.22,40.34,2
7,410,2026-02-21,54.54,2,27.27,33.0,2
7,410,2026-02-22,96.2,6,16.03,42.67,6
7,410,2026-02-23,64.04,1,64.04,38.44,1
7,410,2026-02-24,73.93,4,18.48,37.27,4
7,410,2026-02-25,37.82,0,0.0,25.53,0
7,410,2026-02-26,93.65,2,46.83,49.0,2
7,410,2026-02-27,86.36,2,43.18,43.94,2
7,410,2026-02-28,83.79,1,83.79,44.39,1
7,410,2026-03-01,92.73,8,11.59,32.63,8
7,410,2026-03-02,20.49,0,0.0,38.07,0
7,410,2026-03-03,10.34,0,0.0,38.71,0
7,410,2026-03-04,41.04,1,41.04,49.05,1
7,410,2026-03-05,24.05,1,24.05,35.12,1
7,410,2026-03-06,67.26,2,33.63,45.74,2
7,410,2026-03-07,14.09,0,0.0,40.13,0
7,410,2026-03-08,68.98,4,17.25,48.79,4
7,410,2026-03-09,23.83,0,0.0,46.83,0
7,410,2026-03-10,77.6,4,19.4,28.19,4
7,410,2026-03-11,17.25,0,0.0,29.17,0
7,410,2026-03-12,7.97,0,0.0,41.38,0
7,410,2026-03-13,19.36,0,0.0,47.36,0
7,410,2026-03-14,81.12,2,40.56,33.9,2
7,410,2026-03-15,49.58,4,12.4,43.95,4
7,410,2026-03-16,10.97,0,0.0,42.25,0
7,410,2026-03-17,65.48,1,65.48,31.8,1
7,406,2026-02-15,80.74,4,20.19,34.28,4
7,406,2026-02-16,78.06,1,78.06,41.08,1
7,406,2026-02-17,8.87,0,0.0,40.4,0
7,406,2026-02-18,11.64,0,0.0,28.61,0
7,406,2026-02-19,70.81,2,35.41,36.64,2
7,406,2026-02-20,47.68,1,47.68,36.87,1
7,406,2026-02-21,84.63,1,84.63,46.64,1
7,406,2026-02-22,60.18,3,20.06,29.44,3
7,406,2026-02-23,10.61,0,0.0,32.46,0
7,406,2026-02-24,16.53,0,0.0,31.63,0
7,406,2026-02-25,69.28,1,69.28,30.35,1
7,406,2026-02-26,44.22,3,14.74,45.71,3
7,406,2026-02-27,10.06,0,0.0,34.56,0
7,406,2026-02-28,46.29,1,46.29,30.38,1
7,406,2026-03-01,60.52,3,20.17,34.98,3
7,406,2026-03-02,56.11,3,18.7,48.36,3
7,406,2026-03-03,16.89,1,16.89,39.86,1
7,406,2026-03-04,67.85,3,22.62,47.33,3
7,406,2026-03-05,39.73,2,19.86,39.28,2
7,406,2026-03-06,21.66,0,0.0,39.58,0
7,406,2026-03-07,6.92,0,0.0,40.12,0
7,406,2026-03-08,10.08,0,0.0,31.08,0
7,406,2026-03-09,36.5,0,0.0,49.14,0
7,406,2026-03-10,7.26,0,0.0,40.38,0
7,406,2026-03-11,13.56,0,0.0,25.87,0
7,406,2026-03-12,37.58,2,18.79,27.73,2
7,406,2026-03-13,48.98,1,48.98,26.03,1
7,406,2026-03-14,69.01,1,69.01,41.38,1
7,406,2026-03-15,52.72,3,17.57,25.62,3
7,406,2026-03-16,71.31,3,23.77,48.05,3
7,406,2026-03-17,72.71,1,72.71,44.81,1
7,413,2026-02-15,135.78,9,15.09,29.18,9
7,413,2026-02-16,80.53,1,80.53,36.85,1
7,413,2026-02-17,5.26,0,0.0,31.12,0
7,413,2026-02-18,8.56,0,0.0,45.63,0
7,413,2026-02-19,71.58,3,23.86,44.66,3
7,413,2026-02-20,70.48,4,17.62,28.61,4
7,413,2026-02-21,74.62,7,10.66,33.56,7
7,413,2026-02-22,26.66,0,0.0,43.88,0
7,413,2026-02-23,15.14,0,0.0,48.41,0
7,413,2026-02-24,61.48,1,61.48,32.63,1
7,413,2026-02-25,64.47,1,64.47,36.86,1
7,413,2026-02-26,22.68,0,0.0,30.21,0
7,413,2026-02-27,20.77,0,0.0,33.83,0
7,413,2026-02-28,15.26,0,0.0,36.76,0
7,413,2026-03-01,16.65,0,0.0,45.46,0
7,413,2026-03-02,58.0,5,11.6,49.27,5
7,413,2026-03-03,15.56,0,0.0,45.68,0
7,413,2026-03-04,34.33,1,34.33,27.8,1
7,413,2026-03-05,8.88,0,0.0,39.37,0
7,413,2026-03-06,14.7,0,0.0,38.43,0
7,413,2026-03-07,84.48,6,14.08,45.14,6
7,413,2026-03-08,60.81,2,30.41,43.94,2
7,413,2026-03-09,32.17,0,0.0,38.4,0
7,413,2026-03-10,36.16,1,36.16,35.7,1
7,413,2026-03-11,80.1,1,80.1,41.86,1
7,413,2026-03-12,14.26,0,0.0,49.98,0
7,413,2026-03-13,78.38,2,39.19,31.73,2
7,413,2026-03-14,62.69,5,12.54,43.73,5
7,413,2026-03-15,47.39,1,47.39,49.41,1
7,413,2026-03-16,83.51,5,16.7,25.81,5
7,413,2026-03-17,31.24,0,0.0,28.27,0
7,378,2026-02-15,611.59,52,11.76,35.09,52
7,378,2026-02-16,637.82,15,42.52,48.33,15
7,378,2026-02-17,660.6,13,50.82,30.04,13
7,378,2026-02-18,452.14,11,41.1,28.2,11
7,378,2026-02-19,210.4,9,23.38,30.76,9
7,378,2026-02-20,482.08,15,32.14,31.76,15
7,378,2026-02-21,970.2,83,11.69,28.94,83
7,378,2026-02-22,286.69,5,57.34,35.26,5
7,378,2026-02-23,261.31,14,18.67,42.86,14
7,378,2026-02-24,58.17,4,14.54,29.16,4
7,378,2026-02-25,634.8,21,30.23,48.47,21
7,378,2026-02-26,186.97,17,11.0,47.57,17
7,378,2026-02-27,56.66,3,18.89,30.45,3
7,378,2026-02-28,124.21,11,11.29,37.97,11
7,378,2026-03-01,345.04,15,23.0,42.86,15
7,378,2026-03-02,412.19,21,19.63,27.78,21
7,378,2026-03-03,51.6,1,51.6,39.29,1
7,378,2026-03-04,757.02,15,50.47,28.03,15
7,378,2026-03-05,154.76,3,51.59,25.58,3
7,378,2026-03-06,819.74,18,45.54,34.61,18
7,378,2026-03-07,789.89,22,35.9,45.51,22
7,378,2026-03-08,206.2,6,34.37,48.35,6
7,378,2026-03-09,637.81,19,33.57,38.3,19
7,378,2026-03-10,617.47,15,41.16,43.5,15
7,378,2026-03-11,577.01,22,26.23,38.54,22
7,378,2026-03-12,539.42,24,22.48,49.72,24
7,378,2026-03-13,890.98,18,49.5,46.67,18
7,378,2026-03-14,731.62,25,29.26,31.45,25
7,378,2026-03-15,305.28,25,12.21,48.03,25
7,378,2026-03-16,807.69,16,50.48,37.88,16
7,378,2026-03-17,602.53,30,20.08,27.97,30
7,442,2026-02-15,21.34,0,0.0,48.83,0
7,442,2026-02-16,14.1,1,14.1,47.06,1
7,442,2026-02-17,26.39,0,0.0,38.88,0
7,442,2026-02-18,30.14,1,30.14,37.53,1
7,442,2026-02-19,71.55,1,71.55,32.73,1
7,442,2026-02-20,75.58,4,18.89,31.49,4
7,442,2026-02-21,95.36,9,10.6,34.08,9
7,442,2026-02-22,36.84,1,36.84,35.32,1
7,442,2026-02-23,7.19,0,0.0,48.59,0
7,442,2026-02-24,52.03,2,26.02,39.55,2
7,442,2026-02-25,55.88,1,55.88,35.8,1
7,442,2026-02-26,19.8,1,19.8,26.46,1
7,442,2026-02-27,17.11,0,0.0,43.03,0
7,442,2026-02-28,81.12,2,40.56,38.48,2
7,442,2026-03-01,18.06,0,0.0,48.02,0
7,442,2026-03-02,53.04,1,53.04,39.91,1
7,442,2026-03-03,63.54,1,63.54,28.73,1
7,442,2026-03-04,76.72,4,19.18,38.27,4
7,442,2026-03-05,46.82,3,15.61,31.55,3
7,442,2026-03-06,32.01,2,16.01,30.69,2
7,442,2026-03-07,83.68,2,41.84,29.82,2
7,442,2026-03-08,38.06,0,0.0,30.56,0
7,442,2026-03-09,96.19,8,12.02,32.37,8
7,442,2026-03-10,17.22,1,17.22,44.29,1
7,442,2026-03-11,86.13,2,43.07,33.3,2
7,442,2026-03-12,44.59,1,44.59,48.46,1
7,442,2026-03-13,56.01,1,56.01,49.36,1
7,442,2026-03-14,49.6,4,12.4,41.64,4
7,442,2026-03-15,89.6,6,14.93,25.79,6
7,442,2026-03-16,42.71,2,21.35,26.38,2
7,442,2026-03-17,42.85,3,14.28,27.13,3
7,386,2026-02-15,761.15,24,31.71,36.46,24
7,386,2026-02-16,79.73,2,39.86,43.64,2
7,386,2026-02-17,194.42,3,64.81,28.18,3
7,386,2026-02-18,536.71,11,48.79,35.68,11
7,386,2026-02-19,330.52,22,15.02,41.37,22
7,386,2026-02-20,264.71,8,33.09,34.36,8
7,386,2026-02-21,543.54,20,27.18,43.79,20
7,386,2026-02-22,287.06,6,47.84,47.28,6
7,386,2026-02-23,744.35,18,41.35,32.8,18
7,386,2026-02-24,571.16,11,51.92,32.64,11
7,386,2026-02-25,194.07,12,16.17,36.0,12
7,386,2026-02-26,900.76,20,45.04,32.5,20
7,386,2026-02-27,696.77,63,11.06,40.55,63
7,386,2026-02-28,379.36,36,10.54,37.48,36
7,386,2026-03-01,878.46,25,35.14,30.12,25
7,386,2026-03-02,697.48,23,30.33,28.72,23
7,386,2026-03-03,207.28,6,34.55,35.55,6
7,386,2026-03-04,501.31,18,27.85,29.23,18
7,386,2026-03-05,821.66,20,41.08,43.74,20
7,386,2026-03-06,157.86,5,31.57,48.82,5
7,386,2026-03-07,446.18,9,49.58,37.73,9
7,386,2026-03-08,900.86,23,39.17,34.69,23
7,386,2026-03-09,331.22,8,41.4,35.0,8
7,386,2026-03-10,163.78,10,16.38,49.59,10
7,386,2026-03-11,860.5,24,35.85,36.05,24
7,386,2026-03-12,716.93,16,44.81,36.05,16
7,386,2026-03-13,808.46,38,21.28,40.59,38
7,386,2026-03-14,643.8,14,45.99,41.56,14
7,386,2026-03-15,626.83,17,36.87,34.04,17
7,386,2026-03-16,98.24,2,49.12,27.72,2
7,386,2026-03-17,463.78,15,30.92,37.08,15
7,416,2026-02-15,818.56,51,16.05,30.88,51
7,416,2026-02-16,1297.23,30,43.24,32.69,30
7,416,2026-02-17,476.84,17,28.05,43.47,17
7,416,2026-02-18,609.42,37,16.47,27.76,37
7,416,2026-02-19,210.2,5,42.04,35.82,5
7,416,2026-02-20,406.68,10,40.67,33.91,10
7,416,2026-02-21,680.79,20,34.04,29.3,20
7,416,2026-02-22,1855.04,50,37.1,31.91,50
7,416,2026-02-23,522.68,12,43.56,44.16,12
7,416,2026-02-24,217.97,5,43.59,37.33,5
7,416,2026-02-25,365.82,11,33.26,38.28,11
7,416,2026-02-26,872.91,86,10.15,41.72,86
7,416,2026-02-27,467.93,24,19.5,41.93,24
7,416,2026-02-28,1469.17,48,30.61,46.6,48
7,416,2026-03-01,1506.54,38,39.65,38.21,38
7,416,2026-03-02,457.65,10,45.77,38.42,10
7,416,2026-03-03,1261.3,48,26.28,46.65,48
7,416,2026-03-04,128.11,2,64.05,45.41,2
7,416,2026-03-05,1448.43,83,17.45,29.02,83
7,416,2026-03-06,1488.16,66,22.55,41.41,66
7,416,2026-03-07,568.83,13,43.76,29.66,13
7,416,2026-03-08,1738.3,117,14.86,35.04,117
7,416,2026-03-09,519.17,13,39.94,38.2,13
7,416,2026-03-10,95.41,1,95.41,37.42,1
7,416,2026-03-11,254.03,6,42.34,46.81,6
7,416,2026-03-12,579.83,11,52.71,30.07,11
7,416,2026-03-13,167.59,4,41.9,27.63,4
7,416,2026-03-14,1010.61,23,43.94,40.57,23
7,416,2026-03-15,1747.45,145,12.05,27.24,145
7,416,2026-03-16,585.47,12,48.79,30.25,12
7,416,2026-03-17,1549.77,53,29.24,27.92,53
