data/sku_kpis.csv
location_id,product_id,kpi_date,revenue,units_sold,avg_price,gross_margin_pct,units_per_day
7,424,2026-02-15,391.68,10,39.17,43.69,10
7,424,2026-02-16,916.74,31,29.57,41.31,31
7,424,2026-02-17,612.47,14,43.75,27.62,14
7,424,2026-02-18,950.74,37,25.7,48.18,37
7,424,2026-02-19,1104.7,23,48.03,42.09,23
7,424,2026-02-20,863.35,21,41.11,26.27,21
7,424,2026-02-21,919.84,65,14.15,41.2,65
7,424,2026-02-22,1633.26,46,35.51,45.54,46
7,424,2026-02-23,589.92,23,25.65,25.24,23
7,424,2026-02-24,242.49,13,18.65,35.94,13
7,424,2026-02-25,404.04,12,33.67,42.65,12
7,424,2026-02-26,153.46,3,51.15,38.95,3
7,424,2026-02-27,1146.96,26,44.11,38.06,26
7,424,2026-02-28,127.88,8,15.99,36.7,8
7,424,2026-03-01,1427.86,36,39.66,36.7,36
7,424,2026-03-02,1334.82,93,14.35,25.69,93
7,424,2026-03-03,902.5,62,14.56,40.39,62
7,424,2026-03-04,1495.57,92,16.26,47.34,92
7,424,2026-03-05,1018.25,22,46.28,39.7,22
7,424,2026-03-06,1660.05,82,20.24,37.26,82
7,424,2026-03-07,311.76,17,18.34,33.47,17
7,424,2026-03-08,554.46,19,29.18,35.48,19
7,424,2026-03-09,1269.09,27,47.0,25.17,27
7,424,2026-03-10,1097.25,34,32.27,41.84,34
7,424,2026-03-11,1164.06,47,24.77,33.8,47
7,424,2026-03-12,1192.17,39,30.57,25.37,39
7,424,2026-03-13,904.55,24,37.69,32.33,24
7,424,2026-03-14,1696.54,110,15.42,46.91,110
7,424,2026-03-15,1839.09,111,16.57,45.61,111
7,424,2026-03-16,778.71,67,11.62,49.83,67
7,424,2026-03-17,1054.49,26,40.56,38.79,26
7,444,2026-02-15,404.87,19,21.31,41.66,19
7,444,2026-02-16,27.15,0,0.0,42.06,0
7,444,2026-02-17,103.01,3,34.34,42.25,3
7,444,2026-02-18,75.05,1,75.05,47.86,1
7,444,2026-02-19,126.13,3,42.04,46.94,3
7,444,2026-02-20,53.38,2,26.69,43.39,2
7,444,2026-02-21,334.32,7,47.76,45.59,7
7,444,2026-02-22,161.58,15,10.77,48.19,15
7,444,2026-02-23,84.42,3,28.14,49.48,3
7,444,2026-02-24,278.26,7,39.75,44.17,7
7,444,2026-02-25,283.4,17,16.67,46.21,17
7,444,2026-02-26,218.64,5,43.73,40.5,5
7,444,2026-02-27,258.34,7,36.91,32.21,7
7,444,2026-02-28,317.85,10,31.79,30.51,10
7,444,2026-03-01,33.0,0,0.0,43.46,0
7,444,2026-03-02,178.94,4,44.73,45.35,4
7,444,2026-03-03,107.12,5,21.42,28.68,5
7,444,2026-03-04,136.32,10,13.63,36.91,10
7,444,2026-03-05,110.81,2,55.4,38.75,2
7,444,2026-03-06,128.3,5,25.66,42.82,5
7,444,2026-03-07,102.93,2,51.46,48.39,2
7,444,2026-03-08,303.37,15,20.22,38.75,15
7,444,2026-03-09,49.85,2,24.93,45.5,2
7,444,2026-03-10,232.45,11,21.13,37.47,11
7,444,2026-03-11,102.77,2,51.39,37.26,2
7,444,2026-03-12,188.47,5,37.69,35.61,5
7,444,2026-03-13,267.31,11,24.3,31.17,11
7,444,2026-03-14,165.2,4,41.3,47.86,4
7,444,2026-03-15,60.74,1,60.74,26.91,1
7,444,2026-03-16,166.36,5,33.27,45.18,5
7,444,2026-03-17,61.96,1,61.96,44.13,1
7,401,2026-02-15,1249.87,89,14.04,34.06,89
7,401,2026-02-16,313.65,7,44.81,40.99,7
7,401,2026-02-17,1050.05,24,43.75,36.55,24
7,401,2026-02-18,404.41,15,26.96,28.84,15
7,401,2026-02-19,1139.5,41,27.79,43.45,41
7,401,2026-02-20,1332.41,32,41.64,35.57,32
7,401,2026-02-21,848.71,54,15.72,33.95,54
7,401,2026-02-22,913.82,82,11.14,30.09,82
7,401,2026-02-23,1324.59,46,28.8,34.04,46
7,401,2026-02-24,1108.08,27,41.04,37.02,27
7,401,2026-02-25,1461.04,36,40.58,37.03,36
7,401,2026-02-26,1295.57,69,18.78,37.17,69
7,401,2026-02-27,580.56,30,19.35,25.4,30
7,401,2026-02-28,439.09,15,29.27,45.53,15
7,401,2026-03-01,1565.31,51,30.69,33.11,51
7,401,2026-03-02,696.27,40,17.41,26.25,40
7,401,2026-03-03,751.27,32,23.48,44.26,32
7,401,2026-03-04,665.2,21,31.68,49.53,21
7,401,2026-03-05,1313.08,75,17.51,37.9,75
7,401,2026-03-06,582.49,49,11.89,35.42,49
7,401,2026-03-07,522.89,50,10.46,41.32,50
7,401,2026-03-08,834.49,45,18.54,36.96,45
7,401,2026-03-09,188.76,4,47.19,30.16,4
7,401,2026-03-10,516.88,13,39.76,49.17,13
7,401,2026-03-11,697.94,26,26.84,28.46,26
7,401,2026-03-12,857.61,45,19.06,38.23,45
7,401,2026-03-13,993.04,22,45.14,40.18,22
7,401,2026-03-14,932.04,25,37.28,25.76,25
7,401,2026-03-15,594.43,12,49.54,38.08,12
7,401,2026-03-16,783.22,21,37.3,29.41,21
7,401,2026-03-17,1197.6,29,41.3,44.44,29
7,402,2026-02-15,727.15,30,24.24,25.63,30
7,402,2026-02-16,826.79,19,43.52,44.3,19
7,402,2026-02-17,687.17,20,34.36,43.56,20
7,402,2026-02-18,1393.27,60,23.22,46.34,60
7,402,2026-02-19,664.55,32,20.77,25.22,32
7,402,2026-02-20,330.26,9,36.7,33.04,9
7,402,2026-02-21,829.09,21,39.48,37.5,21
7,402,2026-02-22,1698.17,56,30.32,33.48,56
7,402,2026-02-23,480.86,17,28.29,26.92,17
7,402,2026-02-24,980.4,88,11.14,45.78,88
7,402,2026-02-25,819.9,51,16.08,29.52,51
7,402,2026-02-26,459.25,17,27.01,45.93,17
7,402,2026-02-27,808.51,44,18.38,26.49,44
7,402,2026-02-28,422.61,8,52.83,28.68,8
7,402,2026-03-01,299.89,7,42.84,45.9,7
7,402,2026-03-02,1183.4,32,36.98,37.25,32
7,402,2026-03-03,803.55,16,50.22,27.67,16
7,402,2026-03-04,336.72,8,42.09,28.94,8
7,402,2026-03-05,1298.84,52,24.98,32.22,52
7,402,2026-03-06,1423.89,54,26.37,38.84,54
7,402,2026-03-07,168.52,9,18.72,27.59,9
7,402,2026-03-08,923.0,27,34.19,30.18,27
7,402,2026-03-09,1259.84,73,17.26,25.74,73
7,402,2026-03-10,317.44,11,28.86,49.03,11
7,402,2026-03-11,945.83,29,32.61,27.39,29
7,402,2026-03-12,1334.65,64,20.85,41.97,64
7,402,2026-03-13,425.6,9,47.29,26.51,9
7,402,2026-03-14,1204.97,26,46.34,36.26,26
7,402,2026-03-15,1696.16,42,40.38,48.04,42
7,402,2026-03-16,1478.87,111,13.32,48.1,111
7,402,2026-03-17,809.11,19,42.58,47.2,19
7,415,2026-02-15,909.89,19,47.89,32.28,19
7,415,2026-02-16,212.8,12,17.73,45.88,12
7,415,2026-02-17,200.52,4,50.13,34.42,4
7,415,2026-02-18,196.54,13,15.12,45.21,13
7,415,2026-02-19,181.07,8,22.63,36.09,8
7,415,2026-02-20,827.67,17,48.69,25.13,17
7,415,2026-02-21,280.49,8,35.06,43.54,8
7,415,2026-02-22,803.16,34,23.62,26.52,34
7,415,2026-02-23,719.81,20,35.99,40.32,20
7,415,2026-02-24,758.4,32,23.7,42.47,32
7,415,2026-02-25,226.23,6,37.7,28.18,6
7,415,2026-02-26,656.76,13,50.52,37.33,13
7,415,2026-02-27,475.84,35,13.6,47.37,35
7,415,2026-02-28,177.61,6,29.6,33.7,6
7,415,2026-03-01,128.47,2,64.24,39.08,2
7,415,2026-03-02,434.7,28,15.53,35.76,28
7,415,2026-03-03,332.4,12,27.7,33.28,12
7,415,2026-03-04,216.59,4,54.15,38.82,4
7,415,2026-03-05,304.7,6,50.78,39.7,6
7,415,2026-03-06,268.52,6,44.75,39.66,6
7,415,2026-03-07,90.85,2,45.43,37.64,2
7,415,2026-03-08,605.54,27,22.43,25.07,27
7,415,2026-03-09,642.53,12,53.54,43.84,12
7,415,2026-03-10,670.95,61,11.0,26.11,61
7,415,2026-03-11,68.36,1,68.36,27.58,1
7,415,2026-03-12,691.48,15,46.1,39.88,15
7,415,2026-03-13,206.83,5,41.37,47.6,5
7,415,2026-03-14,1002.28,20,50.11,47.05,20
7,415,2026-03-15,298.77,26,11.49,31.48,26
7,415,2026-03-16,586.04,51,11.49,30.63,51
7,415,2026-03-17,773.52,32,24.17,29.81,32
7,422,2026-02-15,35.23,3,11.74,29.19,3
7,422,2026-02-16,39.29,3,13.1,45.24,3
7,422,2026-02-17,66.18,1,66.18,33.6,1
7,422,2026-02-18,71.44,4,17.86,47.12,4
7,422,2026-02-19,25.64,1,25.64,33.21,1
7,422,2026-02-20,57.13,1,57.13,30.65,1
7,422,2026-02-21,49.4,1,49.4,38.86,1
7,422,2026-02-22,58.86,1,58.86,30.2,1
7,422,2026-02-23,18.81,0,0.0,29.82,0
7,422,2026-02-24,17.91,0,0.0,34.85,0
7,422,2026-02-25,16.91,0,0.0,25.18,0
7,422,2026-02-26,54.87,2,27.43,43.67,2
7,422,2026-02-27,49.84,1,49.84,28.06,1
7,422,2026-02-28,83.1,2,41.55,43.82,2
7,422,2026-03-01,17.93,0,0.0,26.44,0
7,422,2026-03-02,62.38,1,62.38,34.82,1
7,422,2026-03-03,74.2,2,37.1,40.37,2
7,422,2026-03-04,81.56,5,16.31,31.07,5
7,422,2026-03-05,46.46,2,23.23,37.03,2
7,422,2026-03-06,30.74,1,30.74,29.0,1
7,422,2026-03-07,83.14,3,27.71,39.88,3
7,422,2026-03-08,93.26,2,46.63,39.16,2
7,422,2026-03-09,87.71,3,29.24,49.65,3
7,422,2026-03-10,12.62,0,0.0,34.89,0
7,422,2026-03-11,12.43,0,0.0,37.04,0
7,422,2026-03-12,21.82,0,0.0,48.6,0
7,422,2026-03-13,74.15,3,24.72,32.96,3
7,422,2026-03-14,87.84,2,43.92,47.95,2
7,422,2026-03-15,30.06,2,15.03,47.64,2
7,422,2026-03-16,61.56,1,61.56,35.64,1
7,422,2026-03-17,44.75,1,44.75,25.66,1
7,437,2026-02-15,112.93,6,18.82,43.55,6
7,437,2026-02-16,77.46,3,25.82,46.86,3
7,437,2026-02-17,38.11,2,19.06,42.63,2
7,437,2026-02-18,14.02,0,0.0,46.5,0
7,437,2026-02-19,50.35,2,25.18,31.77,2
7,437,2026-02-20,88.22,5,17.64,39.55,5
7,437,2026-02-21,25.61,1,25.61,46.03,1
7,437,2026-02-22,86.51,3,28.84,47.93,3
7,437,2026-02-23,64.04,4,16.01,36.65,4
7,437,2026-02-24,115.67,4,28.92,43.53,4
7,437,2026-02-25,105.0,6,17.5,27.34,6
7,437,2026-02-26,79.8,2,39.9,31.36,2
7,437,2026-02-27,102.42,4,25.61,48.29,4
7,437,2026-02-28,121.79,3,40.6,43.4,3
7,437,2026-03-01,151.54,6,25.26,38.57,6
7,437,2026-03-02,74.36,2,37.18,40.85,2
7,437,2026-03-03,96.94,5,19.39,30.22,5
7,437,2026-03-04,38.09,2,19.05,39.74,2
7,437,2026-03-05,70.02,2,35.01,33.95,2
7,437,2026-03-06,84.42,6,14.07,33.51,6
7,437,2026-03-07,109.94,3,36.65,49.0,3
7,437,2026-03-08,48.7,1,48.7,33.34,1
7,437,2026-03-09,65.57,1,65.57,43.38,1
7,437,2026-03-10,66.74,1,66.74,38.54,1
7,437,2026-03-11,122.21,5,24.44,35.93,5
7,437,2026-03-12,92.23,5,18.45,44.71,5
7,437,2026-03-13,10.28,0,0.0,34.95,0
7,437,2026-03-14,36.97,1,36.97,29.21,1
7,437,2026-03-15,50.91,2,25.45,44.5,2
7,437,2026-03-16,128.2,3,42.73,27.0,3
7,437,2026-03-17,78.61,4,19.65,28.98,4
7,445,2026-02-15,205.22,8,25.65,43.87,8
7,445,2026-02-16,417.18,17,24.54,44.9,17
7,445,2026-02-17,603.13,22,27.41,43.92,22
7,445,2026-02-18,575.73,20,28.79,38.81,20
7,445,2026-02-19,156.66,3,52.22,47.02,3
7,445,2026-02-20,377.63,27,13.99,48.64,27
7,445,2026-02-21,634.06,31,20.45,31.84,31
7,445,2026-02-22,263.96,8,32.99,39.85,8
7,445,2026-02-23,481.2,14,34.37,41.38,14
7,445,2026-02-24,233.46,5,46.69,36.08,5
7,445,2026-02-25,123.85,4,30.96,31.56,4
7,445,2026-02-26,607.49,25,24.3,45.98,25
7,445,2026-02-27,698.52,28,24.95,29.86,28
7,445,2026-02-28,90.94,2,45.47,41.18,2
7,445,2026-03-01,67.16,3,22.39,26.87,3
7,445,2026-03-02,491.98,36,13.67,30.49,36
7,445,2026-03-03,262.12,14,18.72,40.48,14
7,445,2026-03-04,132.38,6,22.06,36.59,6
7,445,2026-03-05,90.26,2,45.13,34.56,2
7,445,2026-03-06,42.53,3,14.18,49.13,3
7,445,2026-03-07,669.92,42,15.95,37.15,42
7,445,2026-03-08,81.28,3,27.09,35.01,3
7,445,2026-03-09,567.94,14,40.57,45.77,14
7,445,2026-03-10,67.82,1,67.82,46.76,1
7,445,2026-03-11,268.36,14,19.17,38.14,14
7,445,2026-03-12,471.57,45,10.48,39.31,45
7,445,2026-03-13,173.95,10,17.4,31.78,10
7,445,2026-03-14,135.95,3,45.32,41.48,3
7,445,2026-03-15,685.93,18,38.11,30.14,18
7,445,2026-03-16,640.31,35,18.29,35.26,35
7,445,2026-03-17,55.78,1,55.78,40.43,1
7,429,2026-02-15,778.55,56,13.9,35.88,56
7,429,2026-02-16,289.31,16,18.08,27.48,16
7,429,2026-02-17,529.39,11,48.13,32.19,11
7,429,2026-02-18,1336.92,74,18.07,29.47,74
7,429,2026-02-19,718.73,15,47.92,38.08,15
7,429,2026-02-20,687.45,25,27.5,47.96,25
7,429,2026-02-21,163.82,3,54.61,30.21,3
7,429,2026-02-22,574.4,26,22.09,40.59,26
7,429,2026-02-23,171.68,8,21.46,35.71,8
7,429,2026-02-24,178.03,7,25.43,33.5,7
7,429,2026-02-25,798.83,28,28.53,49.95,28
7,429,2026-02-26,1480.32,49,30.21,40.39,49
7,429,2026-02-27,399.31,18,22.18,29.57,18
7,429,2026-02-28,1628.4,75,21.71,30.48,75
7,429,2026-03-01,650.66,15,43.38,26.94,15
7,429,2026-03-02,745.09,39,19.1,33.63,39
7,429,2026-03-03,1009.91,24,42.08,37.52,24
7,429,2026-03-04,657.06,32,20.53,39.26,32
7,429,2026-03-05,1454.51,87,16.72,46.85,87
7,429,2026-03-06,1322.9,53,24.96,30.63,53
7,429,2026-03-07,1482.96,95,15.61,38.99,95
7,429,2026-03-08,209.97,5,41.99,29.32,5
7,429,2026-03-09,797.18,20,39.86,31.66,20
7,429,2026-03-10,913.76,18,50.76,25.08,18
7,429,2026-03-11,606.35,20,30.32,33.43,20
7,429,2026-03-12,1215.68,41,29.65,48.59,41
7,429,2026-03-13,307.64,12,25.64,31.96,12
7,429,2026-03-14,765.96,22,34.82,25.4,22
7,429,2026-03-15,1544.38,46,33.57,30.51,46
7,429,2026-03-16,1019.54,49,20.81,35.68,49
7,429,2026-03-17,588.59,13,45.28,40.88,13
7,428,2026-02-15,836.09,38,22.0,36.39,38
7,428,2026-02-16,800.84,25,32.03,31.9,25
7,428,2026-02-17,363.0,14,25.93,34.38,14
7,428,2026-02-18,397.49,14,28.39,41.3,14
7,428,2026-02-19,729.82,16,45.61,31.41,16
7,428,2026-02-20,322.81,11,29.35,41.99,11
7,428,2026-02-21,397.8,20,19.89,38.84,20
7,428,2026-02-22,772.41,15,51.49,26.68,15
7,428,2026-02-23,481.2,10,48.12,27.18,10
7,428,2026-02-24,309.61,10,30.96,40.22,10
7,428,2026-02-25,71.92,5,14.38,36.32,5
7,428,2026-02-26,858.36,51,16.83,46.08,51
7,428,2026-02-27,65.05,2,32.53,33.36,2
7,428,2026-02-28,671.94,18,37.33,45.94,18
7,428,2026-03-01,417.58,19,21.98,30.9,19
7,428,2026-03-02,369.08,8,46.14,25.83,8
7,428,2026-03-03,574.15,30,19.14,31.2,30
7,428,2026-03-04,235.45,8,29.43,37.73,8
7,428,2026-03-05,201.33,7,28.76,41.12,7
7,428,2026-03-06,537.35,49,10.97,35.11,49
7,428,2026-03-07,592.11,13,45.55,28.01,13
7,428,2026-03-08,904.56,52,17.4,29.59,52
7,428,2026-03-09,368.64,8,46.08,47.78,8
7,428,2026-03-10,462.79,11,42.07,40.36,11
7,428,2026-03-11,586.4,20,29.32,41.18,20
7,428,2026-03-12,311.74,16,19.48,44.0,16
7,428,2026-03-13,504.3,11,45.85,26.17,11
7,428,2026-03-14,537.66,29,18.54,35.37,29
7,428,2026-03-15,367.17,8,45.9,42.41,8
7,428,2026-03-16,588.14,13,45.24,37.59,13
7,428,2026-03-17,411.27,15,27.42,43.55,15
7,419,2026-02-15,464.57,9,51.62,33.07,9
7,419,2026-02-16,73.64,1,73.64,32.57,1
7,419,2026-02-17,164.75,3,54.92,42.36,3
7,419,2026-02-18,86.59,2,43.3,39.03,2
7,419,2026-02-19,654.68,16,40.92,38.63,16
7,419,2026-02-20,372.65,9,41.41,25.74,9
7,419,2026-02-21,441.36,25,17.65,26.53,25
7,419,2026-02-22,136.98,3,45.66,39.45,3
7,419,2026-02-23,781.17,17,45.95,25.37,17
7,419,2026-02-24,188.58,4,47.14,39.53,4
7,419,2026-02-25,652.92,21,31.09,40.39,21
7,419,2026-02-26,633.11,19,33.32,38.41,19
7,419,2026-02-27,179.64,12,14.97,28.85,12
7,419,2026-02-28,726.08,14,51.86,44.24,14
7,419,2026-03-01,909.82,47,19.36,27.26,47
7,419,2026-03-02,702.39,14,50.17,38.35,14
7,419,2026-03-03,604.83,27,22.4,31.56,27
7,419,2026-03-04,424.72,19,22.35,25.76,19
7,419,2026-03-05,641.15,19,33.74,42.17,19
7,419,2026-03-06,588.07,12,49.01,27.18,12
7,419,2026-03-07,807.24,16,50.45,32.56,16
7,419,2026-03-08,1040.35,30,34.68,25.48,30
7,419,2026-03-09,277.28,6,46.21,40.26,6
7,419,2026-03-10,358.14,32,11.19,34.51,32
7,419,2026-03-11,210.19,6,35.03,45.49,6
7,419,2026-03-12,342.38,33,10.38,31.46,33
7,419,2026-03-13,591.46,35,16.9,49.98,35
7,419,2026-03-14,358.61,7,51.23,43.56,7
7,419,2026-03-15,337.12,8,42.14,45.29,8
7,419,2026-03-16,699.78,16,43.74,42.34,16
7,419,2026-03-17,712.34,54,13.19,43.12,54
7,440,2026-02-15,80.71,2,40.36,46.5,2
7,440,2026-02-16,22.89,0,0.0,48.85,0
7,440,2026-02-17,82.45,4,20.61,27.85,4
7,440,2026-02-18,225.74,7,32.25,46.59,7
7,440,2026-02-19,240.07,5,48.01,27.57,5
7,440,2026-02-20,180.53,8,22.57,44.31,8
7,440,2026-02-21,364.55,10,36.45,47.53,10
7,440,2026-02-22,254.94,18,14.16,25.04,18
7,440,2026-02-23,295.29,7,42.18,27.86,7
7,440,2026-02-24,34.11,1,34.11,28.9,1
7,440,2026-02-25,206.4,17,12.14,47.0,17
7,440,2026-02-26,77.66,2,38.83,38.49,2
7,440,2026-02-27,162.38,3,54.13,49.02,3
7,440,2026-02-28,47.0,2,23.5,28.76,2
7,440,2026-03-01,95.81,2,47.91,38.76,2
7,440,2026-03-02,192.41,4,48.1,45.82,4
7,440,2026-03-03,252.42,10,25.24,48.66,10
7,440,2026-03-04,226.9,21,10.8,28.68,21
7,440,2026-03-05,147.12,4,36.78,33.47,4
7,440,2026-03-06,177.66,4,44.42,36.67,4
7,440,2026-03-07,112.86,8,14.11,38.5,8
7,440,2026-03-08,160.6,4,40.15,27.81,4
7,440,2026-03-09,202.94,4,50.73,46.46,4
7,440,2026-03-10,59.32,2,29.66,34.8,2
7,440,2026-03-11,27.01,2,13.5,28.34,2
7,440,2026-03-12,18.64,0,0.0,36.41,0
7,440,2026-03-13,183.39,4,45.85,49.86,4
7,440,2026-03-14,199.31,5,39.86,47.06,5
7,440,2026-03-15,117.1,6,19.52,45.08,6
7,440,2026-03-16,144.76,4,36.19,41.05,4
7,440,2026-03-17,122.28,3,40.76,45.53,3
7,439,2026-02-15,574.97,56,10.27,29.47,56
7,439,2026-02-16,629.08,28,22.47,41.55,28
7,439,2026-02-17,500.87,22,22.77,41.44,22
7,439,2026-02-18,288.48,10,28.85,25.46,10
7,439,2026-02-19,127.03,2,63.52,48.92,2
7,439,2026-02-20,352.35,17,20.73,29.57,17
7,439,2026-02-21,849.88,25,34.0,35.13,25
7,439,2026-02-22,778.75,20,38.94,31.25,20
7,439,2026-02-23,295.19,7,42.17,25.02,7
7,439,2026-02-24,689.84,31,22.25,34.39,31
7,439,2026-02-25,140.0,3,46.67,42.24,3
7,439,2026-02-26,97.79,4,24.45,42.46,4
7,439,2026-02-27,391.29,13,30.1,26.98,13
7,439,2026-02-28,528.0,19,27.79,34.18,19
7,439,2026-03-01,926.72,24,38.61,49.27,24
7,439,2026-03-02,721.73,16,45.11,31.8,16
7,439,2026-03-03,560.99,18,31.17,28.67,18
7,439,2026-03-04,294.78,7,42.11,36.29,7
7,439,2026-03-05,405.82,13,31.22,31.91,13
7,439,2026-03-06,571.19,21,27.2,49.98,21
7,439,2026-03-07,791.37,41,19.3,25.96,41
7,439,2026-03-08,427.46,14,30.53,44.39,14
7,439,2026-03-09,797.05,30,26.57,39.63,30
7,439,2026-03-10,130.17,3,43.39,39.17,3
7,439,2026-03-11,387.0,8,48.37,47.19,8
7,439,2026-03-12,606.0,39,15.54,26.26,39
7,439,2026-03-13,221.23,6,36.87,34.67,6
7,439,2026-03-14,235.25,8,29.41,40.5,8
7,439,2026-03-15,80.55,3,26.85,26.82,3
7,439,2026-03-16,403.72,8,50.46,39.59,8
7,439,2026-03-17,184.7,4,46.17,34.42,4
